// Jest Snapshot v1, https://goo.gl/fbAQLP

exports[`gux-label-info-beta #render should render component as expected 1`] = `"<gux-label-info-beta hydrated=""> <span slot="content">This is an information tooltip</span> </gux-label-info-beta>"`;
