// Jest Snapshot v1, https://jestjs.io/docs/snapshot-testing

exports[`gux-button-slot #render should render button with invalid accent 1`] = `
<gux-button-slot accent="invalid">
  <template shadowrootmode="open">
    <slot>
    </slot>
  </template>
  <button type="button" accent="primary">
    Button
  </button>
</gux-button-slot>
`;

exports[`gux-button-slot #render should render danger button 1`] = `
<gux-button-slot accent="danger">
  <template shadowrootmode="open">
    <slot>
    </slot>
  </template>
  <button type="button" accent="primary">
    Button
  </button>
</gux-button-slot>
`;

exports[`gux-button-slot #render should render danger input[type=button] 1`] = `
<gux-button-slot accent="danger">
  <template shadowrootmode="open">
    <slot>
    </slot>
  </template>
  <input type="button" accent="primary" value="Button">
</gux-button-slot>
`;

exports[`gux-button-slot #render should render danger input[type=submit] 1`] = `
<gux-button-slot accent="danger">
  <template shadowrootmode="open">
    <slot>
    </slot>
  </template>
  <input type="submit" accent="primary" value="Button">
</gux-button-slot>
`;

exports[`gux-button-slot #render should render default button 1`] = `
<gux-button-slot accent="secondary">
  <template shadowrootmode="open">
    <slot>
    </slot>
  </template>
  <button type="button" accent="primary">
    Button
  </button>
</gux-button-slot>
`;

exports[`gux-button-slot #render should render default input[type=button] 1`] = `
<gux-button-slot accent="secondary">
  <template shadowrootmode="open">
    <slot>
    </slot>
  </template>
  <input type="button" accent="primary" value="Button">
</gux-button-slot>
`;

exports[`gux-button-slot #render should render default input[type=submit] 1`] = `
<gux-button-slot accent="secondary">
  <template shadowrootmode="open">
    <slot>
    </slot>
  </template>
  <input type="submit" accent="primary" value="Button">
</gux-button-slot>
`;

exports[`gux-button-slot #render should render disabled danger button 1`] = `
<gux-button-slot accent="danger">
  <template shadowrootmode="open">
    <slot>
    </slot>
  </template>
  <button type="button" accent="primary" disabled="">
    Button
  </button>
</gux-button-slot>
`;

exports[`gux-button-slot #render should render disabled danger input[type=button] 1`] = `
<gux-button-slot accent="danger">
  <template shadowrootmode="open">
    <slot>
    </slot>
  </template>
  <input type="button" accent="primary" disabled="" value="Button">
</gux-button-slot>
`;

exports[`gux-button-slot #render should render disabled danger input[type=submit] 1`] = `
<gux-button-slot accent="danger">
  <template shadowrootmode="open">
    <slot>
    </slot>
  </template>
  <input type="submit" accent="primary" disabled="" value="Button">
</gux-button-slot>
`;

exports[`gux-button-slot #render should render disabled default button 1`] = `
<gux-button-slot accent="secondary">
  <template shadowrootmode="open">
    <slot>
    </slot>
  </template>
  <button type="button" accent="primary" disabled="">
    Button
  </button>
</gux-button-slot>
`;

exports[`gux-button-slot #render should render disabled default input[type=button] 1`] = `
<gux-button-slot accent="secondary">
  <template shadowrootmode="open">
    <slot>
    </slot>
  </template>
  <input type="button" accent="primary" disabled="" value="Button">
</gux-button-slot>
`;

exports[`gux-button-slot #render should render disabled default input[type=submit] 1`] = `
<gux-button-slot accent="secondary">
  <template shadowrootmode="open">
    <slot>
    </slot>
  </template>
  <input type="submit" accent="primary" disabled="" value="Button">
</gux-button-slot>
`;

exports[`gux-button-slot #render should render disabled ghost button 1`] = `
<gux-button-slot accent="ghost">
  <template shadowrootmode="open">
    <slot>
    </slot>
  </template>
  <button type="button" accent="primary" disabled="">
    Button
  </button>
</gux-button-slot>
`;

exports[`gux-button-slot #render should render disabled ghost input[type=button] 1`] = `
<gux-button-slot accent="ghost">
  <template shadowrootmode="open">
    <slot>
    </slot>
  </template>
  <input type="button" accent="primary" disabled="" value="Button">
</gux-button-slot>
`;

exports[`gux-button-slot #render should render disabled ghost input[type=submit] 1`] = `
<gux-button-slot accent="ghost">
  <template shadowrootmode="open">
    <slot>
    </slot>
  </template>
  <input type="submit" accent="primary" disabled="" value="Button">
</gux-button-slot>
`;

exports[`gux-button-slot #render should render disabled inline button 1`] = `
<gux-button-slot accent="inline">
  <template shadowrootmode="open">
    <slot>
    </slot>
  </template>
  <button type="button" accent="primary" disabled="">
    Button
  </button>
</gux-button-slot>
`;

exports[`gux-button-slot #render should render disabled inline input[type=button] 1`] = `
<gux-button-slot accent="inline">
  <template shadowrootmode="open">
    <slot>
    </slot>
  </template>
  <input type="button" accent="primary" disabled="" value="Button">
</gux-button-slot>
`;

exports[`gux-button-slot #render should render disabled inline input[type=submit] 1`] = `
<gux-button-slot accent="inline">
  <template shadowrootmode="open">
    <slot>
    </slot>
  </template>
  <input type="submit" accent="primary" disabled="" value="Button">
</gux-button-slot>
`;

exports[`gux-button-slot #render should render disabled primary button 1`] = `
<gux-button-slot accent="primary">
  <template shadowrootmode="open">
    <slot>
    </slot>
  </template>
  <button type="button" accent="primary" disabled="">
    Button
  </button>
</gux-button-slot>
`;

exports[`gux-button-slot #render should render disabled primary input[type=button] 1`] = `
<gux-button-slot accent="primary">
  <template shadowrootmode="open">
    <slot>
    </slot>
  </template>
  <input type="button" accent="primary" disabled="" value="Button">
</gux-button-slot>
`;

exports[`gux-button-slot #render should render disabled primary input[type=submit] 1`] = `
<gux-button-slot accent="primary">
  <template shadowrootmode="open">
    <slot>
    </slot>
  </template>
  <input type="submit" accent="primary" disabled="" value="Button">
</gux-button-slot>
`;

exports[`gux-button-slot #render should render disabled secondary button 1`] = `
<gux-button-slot accent="secondary">
  <template shadowrootmode="open">
    <slot>
    </slot>
  </template>
  <button type="button" accent="primary" disabled="">
    Button
  </button>
</gux-button-slot>
`;

exports[`gux-button-slot #render should render disabled secondary input[type=button] 1`] = `
<gux-button-slot accent="secondary">
  <template shadowrootmode="open">
    <slot>
    </slot>
  </template>
  <input type="button" accent="primary" disabled="" value="Button">
</gux-button-slot>
`;

exports[`gux-button-slot #render should render disabled secondary input[type=submit] 1`] = `
<gux-button-slot accent="secondary">
  <template shadowrootmode="open">
    <slot>
    </slot>
  </template>
  <input type="submit" accent="primary" disabled="" value="Button">
</gux-button-slot>
`;

exports[`gux-button-slot #render should render disabled tertiary button 1`] = `
<gux-button-slot accent="tertiary">
  <template shadowrootmode="open">
    <slot>
    </slot>
  </template>
  <button type="button" accent="primary" disabled="">
    Button
  </button>
</gux-button-slot>
`;

exports[`gux-button-slot #render should render disabled tertiary input[type=button] 1`] = `
<gux-button-slot accent="tertiary">
  <template shadowrootmode="open">
    <slot>
    </slot>
  </template>
  <input type="button" accent="primary" disabled="" value="Button">
</gux-button-slot>
`;

exports[`gux-button-slot #render should render disabled tertiary input[type=submit] 1`] = `
<gux-button-slot accent="tertiary">
  <template shadowrootmode="open">
    <slot>
    </slot>
  </template>
  <input type="submit" accent="primary" disabled="" value="Button">
</gux-button-slot>
`;

exports[`gux-button-slot #render should render ghost button 1`] = `
<gux-button-slot accent="ghost">
  <template shadowrootmode="open">
    <slot>
    </slot>
  </template>
  <button type="button" accent="primary">
    Button
  </button>
</gux-button-slot>
`;

exports[`gux-button-slot #render should render ghost input[type=button] 1`] = `
<gux-button-slot accent="ghost">
  <template shadowrootmode="open">
    <slot>
    </slot>
  </template>
  <input type="button" accent="primary" value="Button">
</gux-button-slot>
`;

exports[`gux-button-slot #render should render ghost input[type=submit] 1`] = `
<gux-button-slot accent="ghost">
  <template shadowrootmode="open">
    <slot>
    </slot>
  </template>
  <input type="submit" accent="primary" value="Button">
</gux-button-slot>
`;

exports[`gux-button-slot #render should render inline button 1`] = `
<gux-button-slot accent="inline">
  <template shadowrootmode="open">
    <slot>
    </slot>
  </template>
  <button type="button" accent="primary">
    Button
  </button>
</gux-button-slot>
`;

exports[`gux-button-slot #render should render inline button without width constraint 1`] = `
<gux-button-slot accent="inline">
  <template shadowrootmode="open">
    <slot>
    </slot>
  </template>
  <button type="button" accent="primary">
    S
  </button>
</gux-button-slot>
`;

exports[`gux-button-slot #render should render inline input[type=button] 1`] = `
<gux-button-slot accent="inline">
  <template shadowrootmode="open">
    <slot>
    </slot>
  </template>
  <input type="button" accent="primary" value="Button">
</gux-button-slot>
`;

exports[`gux-button-slot #render should render inline input[type=submit] 1`] = `
<gux-button-slot accent="inline">
  <template shadowrootmode="open">
    <slot>
    </slot>
  </template>
  <input type="submit" accent="primary" value="Button">
</gux-button-slot>
`;

exports[`gux-button-slot #render should render input[type=button] with invalid accent 1`] = `
<gux-button-slot accent="invalid">
  <template shadowrootmode="open">
    <slot>
    </slot>
  </template>
  <input type="button" accent="primary" value="Button">
</gux-button-slot>
`;

exports[`gux-button-slot #render should render input[type=submit] with invalid accent 1`] = `
<gux-button-slot accent="invalid">
  <template shadowrootmode="open">
    <slot>
    </slot>
  </template>
  <input type="submit" accent="primary" value="Button">
</gux-button-slot>
`;

exports[`gux-button-slot #render should render invalid button 1`] = `
<gux-button-slot accent="invalid">
  <template shadowrootmode="open">
    <slot>
    </slot>
  </template>
  <button type="button" accent="primary">
    Button
  </button>
</gux-button-slot>
`;

exports[`gux-button-slot #render should render invalid input[type=button] 1`] = `
<gux-button-slot accent="invalid">
  <template shadowrootmode="open">
    <slot>
    </slot>
  </template>
  <input type="button" accent="primary" value="Button">
</gux-button-slot>
`;

exports[`gux-button-slot #render should render invalid input[type=submit] 1`] = `
<gux-button-slot accent="invalid">
  <template shadowrootmode="open">
    <slot>
    </slot>
  </template>
  <input type="submit" accent="primary" value="Button">
</gux-button-slot>
`;

exports[`gux-button-slot #render should render primary button 1`] = `
<gux-button-slot accent="primary">
  <template shadowrootmode="open">
    <slot>
    </slot>
  </template>
  <button type="button" accent="primary">
    Button
  </button>
</gux-button-slot>
`;

exports[`gux-button-slot #render should render primary input[type=button] 1`] = `
<gux-button-slot accent="primary">
  <template shadowrootmode="open">
    <slot>
    </slot>
  </template>
  <input type="button" accent="primary" value="Button">
</gux-button-slot>
`;

exports[`gux-button-slot #render should render primary input[type=submit] 1`] = `
<gux-button-slot accent="primary">
  <template shadowrootmode="open">
    <slot>
    </slot>
  </template>
  <input type="submit" accent="primary" value="Button">
</gux-button-slot>
`;

exports[`gux-button-slot #render should render secondary button 1`] = `
<gux-button-slot accent="secondary">
  <template shadowrootmode="open">
    <slot>
    </slot>
  </template>
  <button type="button" accent="primary">
    Button
  </button>
</gux-button-slot>
`;

exports[`gux-button-slot #render should render secondary input[type=button] 1`] = `
<gux-button-slot accent="secondary">
  <template shadowrootmode="open">
    <slot>
    </slot>
  </template>
  <input type="button" accent="primary" value="Button">
</gux-button-slot>
`;

exports[`gux-button-slot #render should render secondary input[type=submit] 1`] = `
<gux-button-slot accent="secondary">
  <template shadowrootmode="open">
    <slot>
    </slot>
  </template>
  <input type="submit" accent="primary" value="Button">
</gux-button-slot>
`;

exports[`gux-button-slot #render should render tertiary button 1`] = `
<gux-button-slot accent="tertiary">
  <template shadowrootmode="open">
    <slot>
    </slot>
  </template>
  <button type="button" accent="primary">
    Button
  </button>
</gux-button-slot>
`;

exports[`gux-button-slot #render should render tertiary input[type=button] 1`] = `
<gux-button-slot accent="tertiary">
  <template shadowrootmode="open">
    <slot>
    </slot>
  </template>
  <input type="button" accent="primary" value="Button">
</gux-button-slot>
`;

exports[`gux-button-slot #render should render tertiary input[type=submit] 1`] = `
<gux-button-slot accent="tertiary">
  <template shadowrootmode="open">
    <slot>
    </slot>
  </template>
  <input type="submit" accent="primary" value="Button">
</gux-button-slot>
`;
