// Jest Snapshot v1, https://goo.gl/fbAQLP

exports[`gux-accordion renders 1`] = `
<gux-accordion>
  <template shadowrootmode="open">
    <slot></slot>
  </template>
  <gux-accordion-section>
    <template shadowrootmode="open">
      <section>
        <div id="gux-accordion-header-i" role="heading">
          <button aria-controls="gux-accordion-section-i" aria-expanded="false" class="gux-header" type="button">
            <div class="gux-header-text">
              <slot name="header"></slot>
              <slot name="subheader"></slot>
            </div>
            <div class="gux-header-icon">
              <gux-icon decorative="" icon-name="custom/chevron-down-small-regular" size="small"></gux-icon>
            </div>
          </button>
        </div>
        <div aria-labelledby="gux-accordion-header-i" class="gux-content gux-text-content-layout" id="gux-accordion-section-i" role="region">
          <slot name="content"></slot>
          <slot></slot>
        </div>
      </section>
    </template>
    <h2 slot="header">
      First Section
    </h2>
    <div slot="content">
      Sample Content
    </div>
  </gux-accordion-section>
  <gux-accordion-section arrow-position="beside-text">
    <template shadowrootmode="open">
      <section>
        <div id="gux-accordion-header-i" role="heading">
          <button aria-controls="gux-accordion-section-i" aria-expanded="false" class="gux-header" type="button">
            <div class="gux-header-text">
              <slot name="header"></slot>
              <slot name="subheader"></slot>
            </div>
            <div class="gux-header-icon">
              <gux-icon decorative="" icon-name="custom/chevron-down-small-regular" size="small"></gux-icon>
            </div>
          </button>
        </div>
        <div aria-labelledby="gux-accordion-header-i" class="gux-content gux-text-content-layout" id="gux-accordion-section-i" role="region">
          <slot name="content"></slot>
          <slot></slot>
        </div>
      </section>
    </template>
    <h2 slot="header">
      Second Section
    </h2>
    <div slot="content">
      Sample Content
    </div>
  </gux-accordion-section>
  <gux-accordion-section disabled="">
    <template shadowrootmode="open">
      <section class="gux-disabled">
        <div id="gux-accordion-header-i" role="heading">
          <button aria-controls="gux-accordion-section-i" aria-expanded="false" class="gux-header" disabled="" type="button">
            <div class="gux-header-text">
              <slot name="header"></slot>
              <slot name="subheader"></slot>
            </div>
            <div class="gux-header-icon">
              <gux-icon decorative="" icon-name="custom/chevron-down-small-regular" size="small"></gux-icon>
            </div>
          </button>
        </div>
        <div aria-labelledby="gux-accordion-header-i" class="gux-content gux-text-content-layout" id="gux-accordion-section-i" role="region">
          <slot name="content"></slot>
          <slot></slot>
        </div>
      </section>
    </template>
    <h2 slot="header">
      Third Section
    </h2>
    <h3 slot="subheader">
      This is the subheader
    </h3>
    <div slot="content">
      Sample Content
    </div>
  </gux-accordion-section>
  <gux-accordion-section>
    <template shadowrootmode="open">
      <section>
        <div id="gux-accordion-header-i" role="heading">
          <button aria-controls="gux-accordion-section-i" aria-expanded="false" class="gux-header" type="button">
            <slot name="icon"></slot>
            <div class="gux-header-text">
              <slot name="header"></slot>
              <slot name="subheader"></slot>
            </div>
            <div class="gux-header-icon">
              <gux-icon decorative="" icon-name="custom/chevron-down-small-regular" size="small"></gux-icon>
            </div>
          </button>
        </div>
        <div aria-labelledby="gux-accordion-header-i" class="gux-content gux-text-content-layout" id="gux-accordion-section-i" role="region">
          <slot name="content"></slot>
          <slot></slot>
        </div>
      </section>
    </template>
    <h2 slot="header">
      Fourth Section
    </h2>
    <h3 slot="subheader">
      This is the subheader
    </h3>
    <gux-icon icon-name="user-add" screenreader-text="add John Smith to contact list" slot="icon"></gux-icon>
    <div slot="content">
      Sample Content
    </div>
  </gux-accordion-section>
  <gux-accordion-section reverse-headings="true">
    <template shadowrootmode="open">
      <section>
        <div id="gux-accordion-header-i" role="heading">
          <button aria-controls="gux-accordion-section-i" aria-expanded="false" class="gux-header gux-reverse-headings" type="button">
            <slot name="icon"></slot>
            <div class="gux-header-text">
              <slot name="header"></slot>
              <slot name="subheader"></slot>
            </div>
            <div class="gux-header-icon">
              <gux-icon decorative="" icon-name="custom/chevron-down-small-regular" size="small"></gux-icon>
            </div>
          </button>
        </div>
        <div aria-labelledby="gux-accordion-header-i" class="gux-content gux-text-content-layout" id="gux-accordion-section-i" role="region">
          <slot name="content"></slot>
          <slot></slot>
        </div>
      </section>
    </template>
    <h2 slot="header">
      Fourth Section
    </h2>
    <h3 slot="subheader">
      This is the subheader
    </h3>
    <gux-icon icon-name="user-add" screenreader-text="add John Smith to contact list" slot="icon"></gux-icon>
    <div slot="content">
      Sample Content
    </div>
  </gux-accordion-section>
</gux-accordion>
`;
