// Jest Snapshot v1, https://goo.gl/fbAQLP

exports[`gux-rich-text-editor-list should build and render 1`] = `
<gux-rich-text-editor-list role="list">
  <template shadowrootmode="open">
    <span aria-hidden="true" tabindex="-1"></span>
    <slot></slot>
  </template>
  <gux-rich-style-list-item value="heading-1">
    <h1>
      Heading 1
    </h1>
  </gux-rich-style-list-item>
  <gux-rich-style-list-item value="heading-2">
    <h2>
      Heading 2
    </h2>
  </gux-rich-style-list-item>
  <gux-rich-style-list-item value="heading-3">
    <h3>
      Heading 3
    </h3>
  </gux-rich-style-list-item>
  <gux-rich-style-list-item value="paragraph">
    <p>
      Paragraph
    </p>
  </gux-rich-style-list-item>
</gux-rich-text-editor-list>
`;
