// Jest Snapshot v1, https://goo.gl/fbAQLP

exports[`gux-tag #render should render component as expected (1) 1`] = `"<gux-tag lang="en" hydrated="">default</gux-tag>"`;

exports[`gux-tag #render should render component as expected (2) 1`] = `"<gux-tag lang="en" accent="default" hydrated="">default (explicit)</gux-tag>"`;

exports[`gux-tag #render should render component as expected (3) 1`] = `"<gux-tag lang="en" accent="1" hydrated="">navy</gux-tag>"`;

exports[`gux-tag #render should render component as expected (4) 1`] = `"<gux-tag lang="en" accent="1" hydrated=""><gux-icon icon-name="bolt" decorative="true" size="inherit" hydrated=""></gux-icon>navy</gux-tag>"`;

exports[`gux-tag #render should render component as expected (5) 1`] = `"<gux-tag lang="en" accent="1" removable="" hydrated=""><gux-icon icon-name="bolt" decorative="true" size="inherit" hydrated=""></gux-icon>navy</gux-tag>"`;

exports[`gux-tag #render should render component as expected (6) 1`] = `"<gux-tag lang="en" accent="1" removable="" disabled="" hydrated=""><gux-icon icon-name="bolt" decorative="true" size="inherit" hydrated=""></gux-icon>navy</gux-tag>"`;

exports[`gux-tag #render should render component as expected (7) 1`] = `"<gux-tag lang="en" emphasis="subtle" accent="1" hydrated="">Subtle 1</gux-tag>"`;

exports[`gux-tag #render should render component as expected (8) 1`] = `"<gux-tag lang="en" emphasis="bold" accent="1" hydrated="">Bold 1</gux-tag>"`;

exports[`gux-tag #render should render component as expected (9) 1`] = `"<gux-tag lang="en" size="small" accent="1" hydrated="">Small 1</gux-tag>"`;

exports[`gux-tag #render should render component as expected (10) 1`] = `"<gux-tag lang="en" size="large" accent="1" hydrated="">Large 1</gux-tag>"`;
