// Jest Snapshot v1, https://goo.gl/fbAQLP

exports[`gux-radial-loading should render as expected for "default" context 1`] = `"<gux-radial-loading lang="en" context="default" hydrated=""><template shadowrootmode="open"><div class="gux-default" role="progressbar" aria-label="Loading"><svg class="gux-svg-container" viewBox="0 0 48 48" role="presentation"><circle cx="50%" cy="50%" r="22" class="gux-static-circle"></circle><circle cx="50%" cy="50%" r="22" class="gux-dynamic-circle" stroke-linecap="round"></circle><circle cx="50%" cy="50%" r="22" class="gux-dynamic-circle-mask" stroke-linecap="round"></circle></svg></div></template></gux-radial-loading>"`;

exports[`gux-radial-loading should render as expected for "full-page" context 1`] = `"<gux-radial-loading lang="en" context="full-page" hydrated=""><template shadowrootmode="open"><div class="gux-full-page" role="progressbar" aria-label="Loading"><svg class="gux-svg-container" viewBox="0 0 48 48" role="presentation"><circle cx="50%" cy="50%" r="22" class="gux-static-circle"></circle><circle cx="50%" cy="50%" r="22" class="gux-dynamic-circle" stroke-linecap="round"></circle><circle cx="50%" cy="50%" r="22" class="gux-dynamic-circle-mask" stroke-linecap="round"></circle></svg></div></template></gux-radial-loading>"`;

exports[`gux-radial-loading should render as expected for "input" context 1`] = `"<gux-radial-loading lang="en" context="input" hydrated=""><template shadowrootmode="open"><div class="gux-input" role="progressbar" aria-label="Loading"><svg class="gux-svg-container" viewBox="0 0 16 16" role="presentation"><circle cx="50%" cy="50%" r="7" class="gux-static-circle"></circle><circle cx="50%" cy="50%" r="7" class="gux-dynamic-circle" stroke-linecap="round"></circle><circle cx="50%" cy="50%" r="7" class="gux-dynamic-circle-mask" stroke-linecap="round"></circle></svg></div></template></gux-radial-loading>"`;

exports[`gux-radial-loading should render as expected for "modal" context 1`] = `"<gux-radial-loading lang="en" context="modal" hydrated=""><template shadowrootmode="open"><div class="gux-modal" role="progressbar" aria-label="Loading"><svg class="gux-svg-container" viewBox="0 0 48 48" role="presentation"><circle cx="50%" cy="50%" r="22" class="gux-static-circle"></circle><circle cx="50%" cy="50%" r="22" class="gux-dynamic-circle" stroke-linecap="round"></circle><circle cx="50%" cy="50%" r="22" class="gux-dynamic-circle-mask" stroke-linecap="round"></circle></svg></div></template></gux-radial-loading>"`;
