// Jest Snapshot v1, https://goo.gl/fbAQLP

exports[`gux-avatar-change-photo-beta #render renders as expected with slotted avatar 1`] = `"<gux-avatar-change-photo-beta hydrated=""><template shadowrootmode="open"><button class="gux-change-photo" aria-label="Change profile photo"><gux-icon class="gux-change-photo-icon" icon-name="fa/camera-solid" size="small" hydrated=""></gux-icon><slot name="avatar"></slot><gux-tooltip-beta id="gux-tooltip-i" hydrated=""><div slot="content">Change profile photo</div></gux-tooltip-beta></button></template> <gux-avatar-beta slot="avatar" name="Conor Darcy" hydrated=""></gux-avatar-beta> </gux-avatar-change-photo-beta>"`;
