// Jest Snapshot v1, https://goo.gl/fbAQLP

exports[`gux-modal-legacy #render should render large modal 1`] = `"<gux-modal-legacy lang=\\"en\\" size=\\"large\\" hydrated=\\"\\"> <div slot=\\"title\\">Modal Title</div> <div slot=\\"content\\">This contains the modal content.</div> <div slot=\\"left-align-buttons\\"> <gux-button hydrated=\\"\\">Cancel</gux-button> </div> <div slot=\\"right-align-buttons\\"> <gux-button accent=\\"primary\\" hydrated=\\"\\">Accept</gux-button> </div> </gux-modal-legacy>"`;

exports[`gux-modal-legacy #render should render large modal 2`] = `"<gux-modal-legacy lang=\\"en\\" size=\\"large\\" hydrated=\\"\\" hidden=\\"true\\"> <div slot=\\"title\\">Modal Title</div> <div slot=\\"content\\">This contains the modal content.</div> <div slot=\\"left-align-buttons\\"> <gux-button hydrated=\\"\\">Cancel</gux-button> </div> <div slot=\\"right-align-buttons\\"> <gux-button accent=\\"primary\\" hydrated=\\"\\">Accept</gux-button> </div> </gux-modal-legacy>"`;

exports[`gux-modal-legacy #render should render medium modal 1`] = `"<gux-modal-legacy lang=\\"en\\" size=\\"medium\\" hydrated=\\"\\"> <div slot=\\"title\\">Modal Title</div> <div slot=\\"content\\">This contains the modal content.</div> <div slot=\\"left-align-buttons\\"> <gux-button hydrated=\\"\\">Cancel</gux-button> </div> <div slot=\\"right-align-buttons\\"> <gux-button accent=\\"primary\\" hydrated=\\"\\">Accept</gux-button> </div> </gux-modal-legacy>"`;

exports[`gux-modal-legacy #render should render medium modal 2`] = `"<gux-modal-legacy lang=\\"en\\" size=\\"medium\\" hydrated=\\"\\" hidden=\\"true\\"> <div slot=\\"title\\">Modal Title</div> <div slot=\\"content\\">This contains the modal content.</div> <div slot=\\"left-align-buttons\\"> <gux-button hydrated=\\"\\">Cancel</gux-button> </div> <div slot=\\"right-align-buttons\\"> <gux-button accent=\\"primary\\" hydrated=\\"\\">Accept</gux-button> </div> </gux-modal-legacy>"`;

exports[`gux-modal-legacy #render should render modal with just left align buttons 1`] = `"<gux-modal-legacy lang=\\"en\\" size=\\"small\\" hydrated=\\"\\"> <div slot=\\"title\\">Modal Title</div> <div slot=\\"content\\">This contains the modal content.</div> <div slot=\\"left-align-buttons\\"> <gux-button hydrated=\\"\\">Cancel</gux-button> </div> </gux-modal-legacy>"`;

exports[`gux-modal-legacy #render should render modal with just left align buttons 2`] = `"<gux-modal-legacy lang=\\"en\\" size=\\"small\\" hydrated=\\"\\" hidden=\\"true\\"> <div slot=\\"title\\">Modal Title</div> <div slot=\\"content\\">This contains the modal content.</div> <div slot=\\"left-align-buttons\\"> <gux-button hydrated=\\"\\">Cancel</gux-button> </div> </gux-modal-legacy>"`;

exports[`gux-modal-legacy #render should render modal with just right align buttons 1`] = `"<gux-modal-legacy lang=\\"en\\" size=\\"small\\" hydrated=\\"\\"> <div slot=\\"title\\">Modal Title</div> <div slot=\\"content\\">This contains the modal content.</div> <div slot=\\"right-align-buttons\\"> <gux-button accent=\\"primary\\" hydrated=\\"\\">Accept</gux-button> </div> </gux-modal-legacy>"`;

exports[`gux-modal-legacy #render should render modal with just right align buttons 2`] = `"<gux-modal-legacy lang=\\"en\\" size=\\"small\\" hydrated=\\"\\" hidden=\\"true\\"> <div slot=\\"title\\">Modal Title</div> <div slot=\\"content\\">This contains the modal content.</div> <div slot=\\"right-align-buttons\\"> <gux-button accent=\\"primary\\" hydrated=\\"\\">Accept</gux-button> </div> </gux-modal-legacy>"`;

exports[`gux-modal-legacy #render should render modal without a title 1`] = `"<gux-modal-legacy lang=\\"en\\" size=\\"large\\" hydrated=\\"\\"> <div slot=\\"content\\">This contains the modal content.</div> <div slot=\\"left-align-buttons\\"> <gux-button hydrated=\\"\\">Cancel</gux-button> </div> <div slot=\\"right-align-buttons\\"> <gux-button accent=\\"primary\\" hydrated=\\"\\">Accept</gux-button> </div> </gux-modal-legacy>"`;

exports[`gux-modal-legacy #render should render modal without a title 2`] = `"<gux-modal-legacy lang=\\"en\\" size=\\"large\\" hydrated=\\"\\" hidden=\\"true\\"> <div slot=\\"content\\">This contains the modal content.</div> <div slot=\\"left-align-buttons\\"> <gux-button hydrated=\\"\\">Cancel</gux-button> </div> <div slot=\\"right-align-buttons\\"> <gux-button accent=\\"primary\\" hydrated=\\"\\">Accept</gux-button> </div> </gux-modal-legacy>"`;

exports[`gux-modal-legacy #render should render modal without buttons 1`] = `"<gux-modal-legacy lang=\\"en\\" size=\\"small\\" hydrated=\\"\\"> <div slot=\\"title\\">Modal Title</div> <div slot=\\"content\\">This contains the modal content.</div> </gux-modal-legacy>"`;

exports[`gux-modal-legacy #render should render modal without buttons 2`] = `"<gux-modal-legacy lang=\\"en\\" size=\\"small\\" hydrated=\\"\\" hidden=\\"true\\"> <div slot=\\"title\\">Modal Title</div> <div slot=\\"content\\">This contains the modal content.</div> </gux-modal-legacy>"`;

exports[`gux-modal-legacy #render should render small modal 1`] = `"<gux-modal-legacy lang=\\"en\\" size=\\"small\\" hydrated=\\"\\"> <div slot=\\"title\\">Modal Title</div> <div slot=\\"content\\">This contains the modal content.</div> <div slot=\\"left-align-buttons\\"> <gux-button hydrated=\\"\\">Cancel</gux-button> </div> <div slot=\\"right-align-buttons\\"> <gux-button accent=\\"primary\\" hydrated=\\"\\">Accept</gux-button> </div> </gux-modal-legacy>"`;

exports[`gux-modal-legacy #render should render small modal 2`] = `"<gux-modal-legacy lang=\\"en\\" size=\\"small\\" hydrated=\\"\\" hidden=\\"true\\"> <div slot=\\"title\\">Modal Title</div> <div slot=\\"content\\">This contains the modal content.</div> <div slot=\\"left-align-buttons\\"> <gux-button hydrated=\\"\\">Cancel</gux-button> </div> <div slot=\\"right-align-buttons\\"> <gux-button accent=\\"primary\\" hydrated=\\"\\">Accept</gux-button> </div> </gux-modal-legacy>"`;

exports[`gux-modal-legacy #render should render small modal by default 1`] = `"<gux-modal-legacy lang=\\"en\\" hydrated=\\"\\"> <div slot=\\"title\\">Modal Title</div> <div slot=\\"content\\">This contains the modal content.</div> <div slot=\\"left-align-buttons\\"> <gux-button hydrated=\\"\\">Cancel</gux-button> </div> <div slot=\\"right-align-buttons\\"> <gux-button accent=\\"primary\\" hydrated=\\"\\">Accept</gux-button> </div> </gux-modal-legacy>"`;

exports[`gux-modal-legacy #render should render small modal by default 2`] = `"<gux-modal-legacy lang=\\"en\\" hydrated=\\"\\" hidden=\\"true\\"> <div slot=\\"title\\">Modal Title</div> <div slot=\\"content\\">This contains the modal content.</div> <div slot=\\"left-align-buttons\\"> <gux-button hydrated=\\"\\">Cancel</gux-button> </div> <div slot=\\"right-align-buttons\\"> <gux-button accent=\\"primary\\" hydrated=\\"\\">Accept</gux-button> </div> </gux-modal-legacy>"`;
