// Jest Snapshot v1, https://goo.gl/fbAQLP

exports[`gux-month-picker-beta #render should render a disabled gux-month-picker-beta 1`] = `"<gux-month-picker-beta disabled="" value="2025-01" hydrated=""><template shadowrootmode="open"><gux-popup exceed-target-width="" hydrated=""><div class="gux-target" slot="target"><span class="gux-display"><div role="spinbutton" class="gux-spinner" tabindex="-1" aria-valuenow="01" aria-valuetext="January 2025" aria-valuemin="1" aria-valuemax="12" aria-label="Month">January</div><div role="spinbutton" class="gux-spinner" tabindex="-1" aria-valuenow="2025" aria-valuetext="January 2025" aria-valuemin="0" aria-label="Year">2025</div></span><button class="gux-popup-toggle" type="button" disabled=""><gux-icon icon-name="fa/calendar-regular" screenreader-text="Toggle month calendar view" size="small" hydrated=""></gux-icon></button></div><gux-month-calendar slot="popup" hydrated=""></gux-month-calendar></gux-popup></template></gux-month-picker-beta>"`;

exports[`gux-month-picker-beta #render should render gux-month-picker-beta 1`] = `"<gux-month-picker-beta value="2025-01" hydrated=""><template shadowrootmode="open"><gux-popup exceed-target-width="" hydrated=""><div class="gux-target" slot="target"><span class="gux-display"><div role="spinbutton" class="gux-spinner" tabindex="0" aria-valuenow="01" aria-valuetext="January 2025" aria-valuemin="1" aria-valuemax="12" aria-label="Month">January</div><div role="spinbutton" class="gux-spinner" tabindex="0" aria-valuenow="2025" aria-valuetext="January 2025" aria-valuemin="0" aria-label="Year">2025</div></span><button class="gux-popup-toggle" type="button"><gux-icon icon-name="fa/calendar-regular" screenreader-text="Toggle month calendar view" size="small" hydrated=""></gux-icon></button></div><gux-month-calendar slot="popup" hydrated=""></gux-month-calendar></gux-popup></template></gux-month-picker-beta>"`;
