// Jest Snapshot v1, https://goo.gl/fbAQLP

exports[`gux-flyout-menu #render Should render as expected menu with submenus 1`] = `"<gux-flyout-menu tabindex="0" aria-haspopup="true" hydrated=""><template shadowrootmode="open"><gux-announce-beta aria-live="polite" hydrated=""></gux-announce-beta><span><slot name="target"></slot></span><div class="gux-flyout-menu-content"><div class="gux-arrow"><div class="gux-arrow-caret"></div></div><slot name="menu"></slot></div></template> <span slot="target">Example Target Element</span> <gux-menu slot="menu" id="target-menu" role="menu" hydrated=""> <gux-menu-option hydrated="">Option One</gux-menu-option> <gux-submenu label="Submenu Two" hydrated=""> <gux-menu-option hydrated="">Option One</gux-menu-option> <gux-submenu id="submenu-two" label="Submenu Two" hydrated=""> <gux-menu-option hydrated="">Option One</gux-menu-option> <gux-menu-option hydrated="">Option Two</gux-menu-option> <gux-menu-option hydrated="">Option Three</gux-menu-option> </gux-submenu> <gux-menu-option hydrated="">Option Three</gux-menu-option> </gux-submenu> <gux-menu-option hydrated="">Option Three</gux-menu-option> <gux-menu-option hydrated="">Option Four</gux-menu-option> <gux-submenu label="Submenu Five" hydrated=""> <gux-menu-option hydrated="">Option One</gux-menu-option> <gux-menu-option hydrated="">Option Two</gux-menu-option> <gux-submenu label="Submenu Three" hydrated=""> <gux-menu-option hydrated="">Option One</gux-menu-option> <gux-submenu label="Submenu Two" hydrated=""> <gux-menu-option hydrated="">Option One</gux-menu-option> <gux-submenu label="Submenu Two" hydrated=""> <gux-menu-option hydrated="">Option One</gux-menu-option> <gux-menu-option hydrated="">Option Two</gux-menu-option> <gux-menu-option hydrated="">Option Three</gux-menu-option> </gux-submenu> <gux-menu-option hydrated="">Option Three</gux-menu-option> </gux-submenu> <gux-menu-option hydrated="">Option Three</gux-menu-option> </gux-submenu> </gux-submenu> </gux-menu> </gux-flyout-menu>"`;
