// Jest Snapshot v1, https://goo.gl/fbAQLP

exports[`gux-simple-toast-legacy #render should render alert simple toast 1`] = `"<gux-simple-toast-legacy lang=\\"en\\" accent=\\"alert\\" hydrated=\\"\\"> <gux-icon slot=\\"icon\\" icon-name=\\"user-add\\" decorative=\\"\\" size=\\"inherit\\" hydrated=\\"\\"></gux-icon> <div slot=\\"message\\">This is the message</div> </gux-simple-toast-legacy>"`;

exports[`gux-simple-toast-legacy #render should render neutral simple toast 1`] = `"<gux-simple-toast-legacy lang=\\"en\\" accent=\\"neutral\\" hydrated=\\"\\"> <gux-icon slot=\\"icon\\" icon-name=\\"user-add\\" decorative=\\"\\" size=\\"inherit\\" hydrated=\\"\\"></gux-icon> <div slot=\\"message\\">This is the message</div> </gux-simple-toast-legacy>"`;

exports[`gux-simple-toast-legacy #render should render positive simple toast 1`] = `"<gux-simple-toast-legacy lang=\\"en\\" accent=\\"positive\\" hydrated=\\"\\"> <gux-icon slot=\\"icon\\" icon-name=\\"user-add\\" decorative=\\"\\" size=\\"inherit\\" hydrated=\\"\\"></gux-icon> <div slot=\\"message\\">This is the message</div> </gux-simple-toast-legacy>"`;

exports[`gux-simple-toast-legacy #render should render warning simple toast 1`] = `"<gux-simple-toast-legacy lang=\\"en\\" accent=\\"warning\\" hydrated=\\"\\"> <gux-icon slot=\\"icon\\" icon-name=\\"user-add\\" decorative=\\"\\" size=\\"inherit\\" hydrated=\\"\\"></gux-icon> <div slot=\\"message\\">This is the message</div> </gux-simple-toast-legacy>"`;
