// Jest Snapshot v1, https://goo.gl/fbAQLP

exports[`modal side panel should render 1`] = `"<gux-modal-side-panel-beta hydrated=""><template shadowrootmode="open"><dialog aria-labelledby="gux-i"><gux-side-panel-beta hydrated=""><div slot="heading" id="gux-i"><slot name="heading"></slot></div><div slot="description"><slot name="description"></slot></div><div slot="content"><slot name="content"></slot></div><div slot="footer"><slot name="footer"></slot></div></gux-side-panel-beta></dialog></template> <gux-side-panel-heading slot="heading" level="2" icon-name="fa/diamond-regular" hydrated=""> Side panel title </gux-side-panel-heading> <h2 slot="description">Description goes here</h2> <div slot="content"> Content goes here. </div> <div slot="footer"> <gux-cta-group hydrated=""> <gux-button slot="primary" hydrated="">Primary</gux-button> <gux-button slot="secondary" hydrated="">Secondary</gux-button> <gux-button slot="dismiss" hydrated="">Dismiss</gux-button> </gux-cta-group> </div> </gux-modal-side-panel-beta>"`;

exports[`side panel should render 1`] = `"<gux-side-panel-beta hydrated=""><template shadowrootmode="open"><div class="gux-side-panel gux-side-panel-small"><header><gux-dismiss-button hydrated=""></gux-dismiss-button><slot name="heading"></slot></header><div class="gux-side-panel-description"><slot name="description"></slot></div><div class="gux-side-panel-content"><slot name="content"></slot></div><footer><slot name="footer"></slot></footer></div></template> <gux-side-panel-heading slot="heading" level="3" icon-name="fa/diamond-regular" hydrated=""> Side panel title </gux-side-panel-heading> <h2 slot="description">Description goes here</h2> <div slot="content"> Content goes here. </div> <div slot="footer"> <gux-cta-group hydrated=""> <gux-button slot="primary" hydrated="">Primary</gux-button> <gux-button slot="secondary" hydrated="">Secondary</gux-button> <gux-button slot="dismiss" hydrated="">Dismiss</gux-button> </gux-cta-group> </div> </gux-side-panel-beta>"`;
