// Jest Snapshot v1, https://goo.gl/fbAQLP

exports[`gux-tabs-advanced #render should render as expected 1`] = `
<gux-tabs-advanced id="interactive" lang="en">
  <mock:shadow-root>
    <slot name="tab-list"></slot>
    <slot></slot>
  </mock:shadow-root>
  <gux-tab-advanced-list show-new-tab-button="true" slot="tab-list">
    <!---->
    <div aria-live="polite" class="gux-aria-live-region gux-sr-only"></div>
    <div class="gux-tab-container">
      <div></div>
      <div class="gux-scrollable-section">
        <div aria-owns="gux-1-1-tab gux-1-2-tab gux-1-3-tab" class="gux-tablist" role="tablist">
          <gux-tab-advanced tab-id="1-1">
            <!---->
            <div class="gux-dropdown-options gux-tab">
              <div class="gux-buttons">
                <button aria-controls="gux-1-1-panel" aria-disabled="false" aria-selected="false" class="gux-tab-button" id="gux-1-1-tab" role="tab" tabindex="-1" type="button">
                  <gux-tooltip-title>
                    <span class="gux-tab-button-text">
                      <gux-icon decorative="true" icon-name="lock"></gux-icon>
                      Hello World
                    </span>
                  </gux-tooltip-title>
                </button>
                <div class="gux-tab-options">
                  <gux-button-slot accent="ghost">
                    <button aria-expanded="false" class="gux-tab-options-trigger" id="gux-i" tabindex="-1" type="button">
                      <gux-icon icon-name="menu-kebab-vertical" screenreader-text="Tab Options for "></gux-icon>
                    </button>
                  </gux-button-slot>
                  <gux-popover-list closeonclickoutside="" for="gux-i" position="top-end">
                    <div class="gux-dropdown-options-container">
                      <gux-list slot="dropdown-options">
                        <gux-list-item>
                          <gux-icon decorative="true" icon-name="edit"></gux-icon>
                          Edit
                        </gux-list-item>
                        <gux-list-item>
                          <gux-icon decorative="true" icon-name="clone"></gux-icon>
                          Clone
                        </gux-list-item>
                        <gux-list-item>
                          <gux-icon decorative="true" icon-name="share"></gux-icon>
                          Share
                        </gux-list-item>
                        <gux-list-item>
                          <gux-icon decorative="true" icon-name="download"></gux-icon>
                          Download
                        </gux-list-item>
                      </gux-list>
                    </div>
                  </gux-popover-list>
                </div>
              </div>
              <div class="gux-divider"></div>
            </div>
          </gux-tab-advanced>
          <gux-tab-advanced tab-id="1-2">
            <!---->
            <div class="gux-tab">
              <div class="gux-buttons">
                <button aria-controls="gux-1-2-panel" aria-disabled="false" aria-selected="false" class="gux-tab-button" id="gux-1-2-tab" role="tab" tabindex="-1" type="button">
                  <gux-tooltip-title>
                    <span class="gux-tab-button-text">
                      <gux-icon decorative="true" icon-name="user-directory"></gux-icon>
                      Hello World 2 long long long long long
                    </span>
                  </gux-tooltip-title>
                </button>
              </div>
              <div class="gux-divider"></div>
            </div>
          </gux-tab-advanced>
          <gux-tab-advanced gux-disabled="" tab-id="1-3">
            <!---->
            <div class="gux-disabled gux-tab">
              <div class="gux-buttons">
                <button aria-controls="gux-1-3-panel" aria-disabled="true" aria-selected="false" class="gux-tab-button" disabled="" id="gux-1-3-tab" role="tab" tabindex="-1" type="button">
                  <gux-tooltip-title>
                    <span class="gux-tab-button-text">
                      Hello World 3
                    </span>
                  </gux-tooltip-title>
                </button>
              </div>
              <div class="gux-divider"></div>
            </div>
          </gux-tab-advanced>
        </div>
        <div>
          <gux-button-slot accent="ghost" class="gux-add-button">
            <button>
              <div slot="add-tab">
                <gux-icon decorative="" icon-name="file-preview"></gux-icon>
                Add View
              </div>
              <slot-fb hidden="" name="add-tab">
                <gux-icon icon-name="add" screenreader-text="Add View"></gux-icon>
              </slot-fb>
            </button>
          </gux-button-slot>
        </div>
      </div>
      <div></div>
    </div>
  </gux-tab-advanced-list>
  <gux-tab-advanced-panel tab-id="1-1">
    <!---->
    <div aria-labelledby="gux-1-1-tab" aria-live="assertive" class="gux-tabpanel" hidden="" id="gux-1-1-panel" role="tabpanel" tabindex="0">
      <span>
        Tab content 1
      </span>
    </div>
  </gux-tab-advanced-panel>
  <gux-tab-advanced-panel tab-id="1-2">
    <!---->
    <div aria-labelledby="gux-1-2-tab" aria-live="assertive" class="gux-tabpanel" hidden="" id="gux-1-2-panel" role="tabpanel" tabindex="0">
      <span>
        Tab content 2
      </span>
    </div>
  </gux-tab-advanced-panel>
  <gux-tab-advanced-panel tab-id="1-3">
    <!---->
    <div aria-labelledby="gux-1-3-tab" aria-live="assertive" class="gux-tabpanel" hidden="" id="gux-1-3-panel" role="tabpanel" tabindex="0">
      <span>
        Tab content 3
      </span>
    </div>
  </gux-tab-advanced-panel>
</gux-tabs-advanced>
`;
