// Jest Snapshot v1, https://goo.gl/fbAQLP

exports[`gux-tabs-advanced #render renders 1`] = `"<gux-tabs-advanced hydrated=\\"\\"> <gux-tab-advanced-list slot=\\"tab-list\\" allow-sort=\\"false\\" show-new-tab-button=\\"true\\" hydrated=\\"\\"><!----><div class=\\"gux-sr-only gux-aria-live-region\\" aria-live=\\"polite\\"></div><div class=\\"gux-tab-container\\"><div></div><div class=\\"gux-scrollable-section\\"><div class=\\"gux-tablist\\" role=\\"tablist\\" aria-owns=\\"gux-1-1-tab gux-1-2-tab gux-1-3-tab gux-1-4-tab\\"> <gux-tab-advanced tab-id=\\"1-1\\" hydrated=\\"\\"><!----><div class=\\"gux-tab gux-selected\\"><div class=\\"gux-buttons\\"><button class=\\"gux-tab-button\\" type=\\"button\\" role=\\"tab\\" aria-selected=\\"true\\" aria-disabled=\\"false\\" aria-controls=\\"gux-1-1-panel\\" tabindex=\\"0\\" id=\\"gux-1-1-tab\\"><gux-tooltip-title hydrated=\\"\\"><!----><span class=\\"gux-title-container\\"><span class=\\"gux-tab-button-text\\"> Tab Header 1 </span></span></gux-tooltip-title></button></div><div class=\\"gux-divider\\"></div></div></gux-tab-advanced> <gux-tab-advanced tab-id=\\"1-2\\" hydrated=\\"\\"><!----><div class=\\"gux-tab\\"><div class=\\"gux-buttons\\"><button class=\\"gux-tab-button\\" type=\\"button\\" role=\\"tab\\" aria-selected=\\"false\\" aria-disabled=\\"false\\" aria-controls=\\"gux-1-2-panel\\" tabindex=\\"-1\\" id=\\"gux-1-2-tab\\"><gux-tooltip-title hydrated=\\"\\" class=\\"gux-tooltip-icon-decorative\\"><!----><span class=\\"gux-title-container\\"><span class=\\"gux-tab-button-text\\"> <gux-icon icon-name=\\"user-directory\\" decorative=\\"true\\" hydrated=\\"\\"></gux-icon> Tab Header 2 </span></span></gux-tooltip-title></button></div><div class=\\"gux-divider\\"></div></div></gux-tab-advanced> <gux-tab-advanced gux-disabled=\\"\\" tab-id=\\"1-3\\" hydrated=\\"\\"><!----><div class=\\"gux-tab gux-disabled\\"><div class=\\"gux-buttons\\"><button class=\\"gux-tab-button\\" type=\\"button\\" role=\\"tab\\" disabled=\\"\\" aria-selected=\\"false\\" aria-disabled=\\"true\\" aria-controls=\\"gux-1-3-panel\\" tabindex=\\"-1\\" id=\\"gux-1-3-tab\\"><gux-tooltip-title hydrated=\\"\\"><!----><span class=\\"gux-title-container\\"><span class=\\"gux-tab-button-text\\"> Tab Header 3 </span></span></gux-tooltip-title></button></div><div class=\\"gux-divider\\"></div></div></gux-tab-advanced> <gux-tab-advanced tab-id=\\"1-4\\" hydrated=\\"\\"><!----><div class=\\"gux-tab\\"><div class=\\"gux-buttons\\"><button class=\\"gux-tab-button\\" type=\\"button\\" role=\\"tab\\" aria-selected=\\"false\\" aria-disabled=\\"false\\" aria-controls=\\"gux-1-4-panel\\" tabindex=\\"-1\\" id=\\"gux-1-4-tab\\"><gux-tooltip-title hydrated=\\"\\"><!----><span class=\\"gux-title-container\\"><span class=\\"gux-tab-button-text\\"> Tab Header 4 </span></span></gux-tooltip-title></button></div><div class=\\"gux-divider\\"></div></div></gux-tab-advanced> </div><div><gux-button-slot class=\\"gux-add-button\\" accent=\\"ghost\\" hydrated=\\"\\"><button><slot-fb name=\\"add-tab\\"><gux-icon icon-name=\\"add\\" screenreader-text=\\"Create New Tab\\" hydrated=\\"\\"></gux-icon></slot-fb></button></gux-button-slot></div></div><div></div></div></gux-tab-advanced-list> <gux-tab-advanced-panel tab-id=\\"1-1\\" hydrated=\\"\\"><!----><div id=\\"gux-1-1-panel\\" class=\\"gux-tabpanel\\" role=\\"tabpanel\\" aria-labelledby=\\"gux-1-1-tab\\" tabindex=\\"0\\" aria-live=\\"assertive\\"> <span>Tab content 1</span> </div></gux-tab-advanced-panel> <gux-tab-advanced-panel tab-id=\\"1-2\\" hydrated=\\"\\"><!----><div id=\\"gux-1-2-panel\\" class=\\"gux-tabpanel\\" role=\\"tabpanel\\" aria-labelledby=\\"gux-1-2-tab\\" tabindex=\\"0\\" hidden=\\"\\" aria-live=\\"assertive\\"> <span>Tab content 2</span> </div></gux-tab-advanced-panel> <gux-tab-advanced-panel tab-id=\\"1-3\\" hydrated=\\"\\"><!----><div id=\\"gux-1-3-panel\\" class=\\"gux-tabpanel\\" role=\\"tabpanel\\" aria-labelledby=\\"gux-1-3-tab\\" tabindex=\\"0\\" hidden=\\"\\" aria-live=\\"assertive\\"> <span>Tab content 3</span> </div></gux-tab-advanced-panel> <gux-tab-advanced-panel tab-id=\\"1-4\\" hydrated=\\"\\"><!----><div id=\\"gux-1-4-panel\\" class=\\"gux-tabpanel\\" role=\\"tabpanel\\" aria-labelledby=\\"gux-1-4-tab\\" tabindex=\\"0\\" hidden=\\"\\" aria-live=\\"assertive\\"> <span>Tab content 4</span> </div></gux-tab-advanced-panel> </gux-tabs-advanced>"`;

exports[`gux-tabs-advanced #render renders i18n strings 1`] = `"<gux-tabs-advanced hydrated=\\"\\"> <gux-tab-advanced-list slot=\\"tab-list\\" allow-sort=\\"false\\" show-new-tab-button=\\"true\\" hydrated=\\"\\"><!----><div class=\\"gux-sr-only gux-aria-live-region\\" aria-live=\\"polite\\"></div><div class=\\"gux-tab-container\\"><div><gux-button-slot class=\\"gux-scroll-button\\" accent=\\"ghost\\" hydrated=\\"\\"><button tabindex=\\"-1\\"><gux-icon icon-name=\\"chevron-left\\" screenreader-text=\\"左にスクロール\\" hydrated=\\"\\"></gux-icon></button></gux-button-slot></div><div class=\\"gux-scrollable-section\\"><div class=\\"gux-tablist\\" role=\\"tablist\\" aria-owns=\\"gux-1-1-tab gux-1-2-tab gux-1-3-tab gux-1-4-tab\\"> <gux-tab-advanced tab-id=\\"1-1\\" hydrated=\\"\\"><!----><div class=\\"gux-tab gux-selected\\"><div class=\\"gux-buttons\\"><button class=\\"gux-tab-button\\" type=\\"button\\" role=\\"tab\\" aria-selected=\\"true\\" aria-disabled=\\"false\\" aria-controls=\\"gux-1-1-panel\\" tabindex=\\"0\\" id=\\"gux-1-1-tab\\"><gux-tooltip-title hydrated=\\"\\"><!----><span class=\\"gux-title-container\\"><span class=\\"gux-tab-button-text\\"> Tab Header 1 </span></span></gux-tooltip-title></button></div><div class=\\"gux-divider\\"></div></div></gux-tab-advanced> <gux-tab-advanced tab-id=\\"1-2\\" hydrated=\\"\\"><!----><div class=\\"gux-tab\\"><div class=\\"gux-buttons\\"><button class=\\"gux-tab-button\\" type=\\"button\\" role=\\"tab\\" aria-selected=\\"false\\" aria-disabled=\\"false\\" aria-controls=\\"gux-1-2-panel\\" tabindex=\\"-1\\" id=\\"gux-1-2-tab\\"><gux-tooltip-title hydrated=\\"\\" class=\\"gux-tooltip-icon-decorative\\"><!----><span class=\\"gux-title-container\\"><span class=\\"gux-tab-button-text\\"> <gux-icon icon-name=\\"user-directory\\" decorative=\\"true\\" hydrated=\\"\\"></gux-icon> Tab Header 2 </span></span></gux-tooltip-title></button></div><div class=\\"gux-divider\\"></div></div></gux-tab-advanced> <gux-tab-advanced gux-disabled=\\"\\" tab-id=\\"1-3\\" hydrated=\\"\\"><!----><div class=\\"gux-tab gux-disabled\\"><div class=\\"gux-buttons\\"><button class=\\"gux-tab-button\\" type=\\"button\\" role=\\"tab\\" disabled=\\"\\" aria-selected=\\"false\\" aria-disabled=\\"true\\" aria-controls=\\"gux-1-3-panel\\" tabindex=\\"-1\\" id=\\"gux-1-3-tab\\"><gux-tooltip-title hydrated=\\"\\"><!----><span class=\\"gux-title-container\\"><span class=\\"gux-tab-button-text\\"> Tab Header 3 </span></span></gux-tooltip-title></button></div><div class=\\"gux-divider\\"></div></div></gux-tab-advanced> <gux-tab-advanced tab-id=\\"1-4\\" hydrated=\\"\\"><!----><div class=\\"gux-tab\\"><div class=\\"gux-buttons\\"><button class=\\"gux-tab-button\\" type=\\"button\\" role=\\"tab\\" aria-selected=\\"false\\" aria-disabled=\\"false\\" aria-controls=\\"gux-1-4-panel\\" tabindex=\\"-1\\" id=\\"gux-1-4-tab\\"><gux-tooltip-title hydrated=\\"\\"><!----><span class=\\"gux-title-container\\"><span class=\\"gux-tab-button-text\\"> Tab Header 4 </span></span></gux-tooltip-title></button></div><div class=\\"gux-divider\\"></div></div></gux-tab-advanced> </div><div><gux-button-slot class=\\"gux-add-button\\" accent=\\"ghost\\" hydrated=\\"\\"><button><slot-fb name=\\"add-tab\\"><gux-icon icon-name=\\"add\\" screenreader-text=\\"新規タブを作成\\" hydrated=\\"\\"></gux-icon></slot-fb></button></gux-button-slot></div></div><div><gux-button-slot class=\\"gux-scroll-button\\" accent=\\"ghost\\" hydrated=\\"\\"><button tabindex=\\"-1\\"><gux-icon icon-name=\\"chevron-right\\" screenreader-text=\\"右にスクロール\\" hydrated=\\"\\"></gux-icon></button></gux-button-slot></div></div></gux-tab-advanced-list> <gux-tab-advanced-panel tab-id=\\"1-1\\" hydrated=\\"\\"><!----><div id=\\"gux-1-1-panel\\" class=\\"gux-tabpanel\\" role=\\"tabpanel\\" aria-labelledby=\\"gux-1-1-tab\\" tabindex=\\"0\\" aria-live=\\"assertive\\"> <span>Tab content 1</span> </div></gux-tab-advanced-panel> <gux-tab-advanced-panel tab-id=\\"1-2\\" hydrated=\\"\\"><!----><div id=\\"gux-1-2-panel\\" class=\\"gux-tabpanel\\" role=\\"tabpanel\\" aria-labelledby=\\"gux-1-2-tab\\" tabindex=\\"0\\" hidden=\\"\\" aria-live=\\"assertive\\"> <span>Tab content 2</span> </div></gux-tab-advanced-panel> <gux-tab-advanced-panel tab-id=\\"1-3\\" hydrated=\\"\\"><!----><div id=\\"gux-1-3-panel\\" class=\\"gux-tabpanel\\" role=\\"tabpanel\\" aria-labelledby=\\"gux-1-3-tab\\" tabindex=\\"0\\" hidden=\\"\\" aria-live=\\"assertive\\"> <span>Tab content 3</span> </div></gux-tab-advanced-panel> <gux-tab-advanced-panel tab-id=\\"1-4\\" hydrated=\\"\\"><!----><div id=\\"gux-1-4-panel\\" class=\\"gux-tabpanel\\" role=\\"tabpanel\\" aria-labelledby=\\"gux-1-4-tab\\" tabindex=\\"0\\" hidden=\\"\\" aria-live=\\"assertive\\"> <span>Tab content 4</span> </div></gux-tab-advanced-panel> </gux-tabs-advanced>"`;
