// Jest Snapshot v1, https://goo.gl/fbAQLP

exports[`gux-calendar renders 1`] = `
<gux-calendar-beta>
  <template shadowrootmode="open">
    <div class="gux-calendar-beta">
      <slot></slot>
      <div class="gux-header">
        <button aria-label="Previous month: April 2023" class="gux-left" type="button">
          <gux-icon decorative="" icon-name="custom/chevron-left-small-regular" size="small"></gux-icon>
        </button>
        <span class="gux-header-month-and-year">
          May 2023
        </span>
        <button aria-label="Next month: June 2023" class="gux-right" type="button">
          <gux-icon decorative="" icon-name="custom/chevron-right-small-regular" size="small"></gux-icon>
        </button>
      </div>
      <div>
        <div class="gux-content">
          <div class="gux-week-days">
            <div class="gux-week-day">
              S
            </div>
            <div class="gux-week-day">
              M
            </div>
            <div class="gux-week-day">
              T
            </div>
            <div class="gux-week-day">
              W
            </div>
            <div class="gux-week-day">
              T
            </div>
            <div class="gux-week-day">
              F
            </div>
            <div class="gux-week-day">
              S
            </div>
          </div>
          <div>
            <div class="gux-content-week">
              <gux-day-beta aria-current="false" class="day-2023-04-30 gux-muted" day="2023-04-30" tabindex="-1"></gux-day-beta>
              <gux-day-beta aria-current="false" class="day-2023-05-01" day="2023-05-01" tabindex="-1"></gux-day-beta>
              <gux-day-beta aria-current="false" class="day-2023-05-02" day="2023-05-02" tabindex="-1"></gux-day-beta>
              <gux-day-beta aria-current="false" class="day-2023-05-03" day="2023-05-03" tabindex="-1"></gux-day-beta>
              <gux-day-beta aria-current="false" class="day-2023-05-04" day="2023-05-04" tabindex="-1"></gux-day-beta>
              <gux-day-beta aria-current="false" class="day-2023-05-05" day="2023-05-05" tabindex="-1"></gux-day-beta>
              <gux-day-beta aria-current="false" class="day-2023-05-06" day="2023-05-06" tabindex="-1"></gux-day-beta>
            </div>
            <div class="gux-content-week">
              <gux-day-beta aria-current="false" class="day-2023-05-07" day="2023-05-07" tabindex="-1"></gux-day-beta>
              <gux-day-beta aria-current="false" class="day-2023-05-08" day="2023-05-08" tabindex="-1"></gux-day-beta>
              <gux-day-beta aria-current="false" class="day-2023-05-09" day="2023-05-09" tabindex="-1"></gux-day-beta>
              <gux-day-beta aria-current="false" class="day-2023-05-10" day="2023-05-10" tabindex="-1"></gux-day-beta>
              <gux-day-beta aria-current="false" class="day-2023-05-11" day="2023-05-11" tabindex="-1"></gux-day-beta>
              <gux-day-beta aria-current="false" class="day-2023-05-12" day="2023-05-12" tabindex="-1"></gux-day-beta>
              <gux-day-beta aria-current="false" class="day-2023-05-13" day="2023-05-13" tabindex="-1"></gux-day-beta>
            </div>
            <div class="gux-content-week">
              <gux-day-beta aria-current="false" class="day-2023-05-14" day="2023-05-14" tabindex="-1"></gux-day-beta>
              <gux-day-beta aria-current="false" class="day-2023-05-15" day="2023-05-15" tabindex="-1"></gux-day-beta>
              <gux-day-beta aria-current="false" class="day-2023-05-16" day="2023-05-16" tabindex="-1"></gux-day-beta>
              <gux-day-beta aria-current="false" class="day-2023-05-17" day="2023-05-17" tabindex="-1"></gux-day-beta>
              <gux-day-beta aria-current="false" class="day-2023-05-18" day="2023-05-18" tabindex="-1"></gux-day-beta>
              <gux-day-beta aria-current="true" class="day-2023-05-19" day="2023-05-19" tabindex="0"></gux-day-beta>
              <gux-day-beta aria-current="false" class="day-2023-05-20" day="2023-05-20" tabindex="-1"></gux-day-beta>
            </div>
            <div class="gux-content-week">
              <gux-day-beta aria-current="false" class="day-2023-05-21" day="2023-05-21" tabindex="-1"></gux-day-beta>
              <gux-day-beta aria-current="false" class="day-2023-05-22" day="2023-05-22" tabindex="-1"></gux-day-beta>
              <gux-day-beta aria-current="false" class="day-2023-05-23" day="2023-05-23" tabindex="-1"></gux-day-beta>
              <gux-day-beta aria-current="false" class="day-2023-05-24" day="2023-05-24" tabindex="-1"></gux-day-beta>
              <gux-day-beta aria-current="false" class="day-2023-05-25" day="2023-05-25" tabindex="-1"></gux-day-beta>
              <gux-day-beta aria-current="false" class="day-2023-05-26" day="2023-05-26" tabindex="-1"></gux-day-beta>
              <gux-day-beta aria-current="false" class="day-2023-05-27" day="2023-05-27" tabindex="-1"></gux-day-beta>
            </div>
            <div class="gux-content-week">
              <gux-day-beta aria-current="false" class="day-2023-05-28" day="2023-05-28" tabindex="-1"></gux-day-beta>
              <gux-day-beta aria-current="false" class="day-2023-05-29" day="2023-05-29" tabindex="-1"></gux-day-beta>
              <gux-day-beta aria-current="false" class="day-2023-05-30" day="2023-05-30" tabindex="-1"></gux-day-beta>
              <gux-day-beta aria-current="false" class="day-2023-05-31" day="2023-05-31" tabindex="-1"></gux-day-beta>
              <gux-day-beta aria-current="false" class="day-2023-06-01 gux-muted" day="2023-06-01" tabindex="-1"></gux-day-beta>
              <gux-day-beta aria-current="false" class="day-2023-06-02 gux-muted" day="2023-06-02" tabindex="-1"></gux-day-beta>
              <gux-day-beta aria-current="false" class="day-2023-06-03 gux-muted" day="2023-06-03" tabindex="-1"></gux-day-beta>
            </div>
            <div class="gux-content-week">
              <gux-day-beta aria-current="false" class="day-2023-06-04 gux-muted" day="2023-06-04" tabindex="-1"></gux-day-beta>
              <gux-day-beta aria-current="false" class="day-2023-06-05 gux-muted" day="2023-06-05" tabindex="-1"></gux-day-beta>
              <gux-day-beta aria-current="false" class="day-2023-06-06 gux-muted" day="2023-06-06" tabindex="-1"></gux-day-beta>
              <gux-day-beta aria-current="false" class="day-2023-06-07 gux-muted" day="2023-06-07" tabindex="-1"></gux-day-beta>
              <gux-day-beta aria-current="false" class="day-2023-06-08 gux-muted" day="2023-06-08" tabindex="-1"></gux-day-beta>
              <gux-day-beta aria-current="false" class="day-2023-06-09 gux-muted" day="2023-06-09" tabindex="-1"></gux-day-beta>
              <gux-day-beta aria-current="false" class="day-2023-06-10 gux-muted" day="2023-06-10" tabindex="-1"></gux-day-beta>
            </div>
          </div>
        </div>
      </div>
    </div>
  </template>
  <input max="2023-06-18" min="2023-04-28" type="date" value="2023-05-19">
</gux-calendar-beta>
`;
