// Jest Snapshot v1, https://goo.gl/fbAQLP

exports[`gux-form-field-dropdown #render help should render component as expected 1`] = `"<gux-form-field-dropdown hydrated=\\"\\"> <gux-dropdown hydrated=\\"\\"> <gux-listbox aria-labelledby=\\"gux-label-i\\" aria-describedby=\\"gux-help-i\\" role=\\"listbox\\" tabindex=\\"0\\" hydrated=\\"\\"> <gux-option value=\\"a\\" disabled=\\"\\" id=\\"gux-option-i\\" role=\\"option\\" class=\\"gux-disabled gux-show-subtext\\" aria-disabled=\\"true\\" hydrated=\\"\\">Ant<span slot=\\"subtext\\">Small</span></gux-option> <gux-option value=\\"b\\" id=\\"gux-option-i\\" role=\\"option\\" aria-selected=\\"false\\" aria-disabled=\\"false\\" hydrated=\\"\\">Bat</gux-option> <gux-option value=\\"c\\" id=\\"gux-option-i\\" role=\\"option\\" aria-selected=\\"false\\" aria-disabled=\\"false\\" hydrated=\\"\\">Cat</gux-option> </gux-listbox> </gux-dropdown> <label slot=\\"label\\" id=\\"gux-label-i\\">Default</label> <span slot=\\"help\\" id=\\"gux-help-i\\">This is a help message</span> </gux-form-field-dropdown>"`;

exports[`gux-form-field-dropdown #render help should render component as expected 2`] = `
<fieldset class="gux-beside gux-form-field-fieldset-container">
  <legend class="gux-form-field-legend-label gux-screenreader">
    <slot name="label"></slot>
    <gux-screen-reader-beta hydrated="">
      This is a help message
    </gux-screen-reader-beta>
  </legend>
  <span aria-hidden="true" class="gux-beside gux-form-field-legend-label" role="presentation">
    Default
  </span>
  <div class="gux-input-and-error-container">
    <div class="gux-input">
      <slot></slot>
    </div>
    <div class="gux-form-field-error">
      <gux-icon hydrated="" icon-name="alert-warning-octogon" size="inherit"></gux-icon>
      <div class="gux-message">
        <slot name="error"></slot>
      </div>
    </div>
    <div class="gux-form-field-help gux-show">
      <div class="gux-message">
        <slot name="help"></slot>
      </div>
    </div>
  </div>
</fieldset>
`;

exports[`gux-form-field-dropdown #render multi select dropdown label-position should render component as expected (1) 1`] = `"<gux-form-field-dropdown hydrated=\\"\\"> <gux-dropdown-multi hydrated=\\"\\"> <gux-listbox-multi aria-labelledby=\\"gux-label-i\\" aria-describedby=\\"gux-error-i\\" role=\\"listbox\\" aria-multiselectable=\\"true\\" tabindex=\\"0\\" hydrated=\\"\\"> <gux-option-multi value=\\"a\\" disabled=\\"\\" id=\\"gux-option-multi-i\\" role=\\"option\\" class=\\"gux-disabled\\" aria-selected=\\"false\\" aria-disabled=\\"true\\" hydrated=\\"\\">Ant</gux-option-multi> <gux-option-multi value=\\"b\\" id=\\"gux-option-multi-i\\" role=\\"option\\" aria-selected=\\"false\\" aria-disabled=\\"false\\" hydrated=\\"\\">Bat</gux-option-multi> <gux-option-multi value=\\"c\\" id=\\"gux-option-multi-i\\" role=\\"option\\" class=\\"gux-show-subtext\\" aria-selected=\\"false\\" aria-disabled=\\"false\\" hydrated=\\"\\">Cat<span slot=\\"subtext\\">Medium</span></gux-option-multi> </gux-listbox-multi> </gux-dropdown-multi> <label slot=\\"label\\" id=\\"gux-label-i\\">Default</label> <span slot=\\"error\\" id=\\"gux-error-i\\">This is an error message</span> </gux-form-field-dropdown>"`;

exports[`gux-form-field-dropdown #render multi select dropdown label-position should render component as expected (1) 2`] = `
<fieldset class="gux-beside gux-form-field-fieldset-container">
  <legend class="gux-form-field-legend-label gux-screenreader">
    <slot name="label"></slot>
    <gux-screen-reader-beta hydrated="">
      This is an error message
    </gux-screen-reader-beta>
  </legend>
  <span aria-hidden="true" class="gux-beside gux-form-field-legend-label" role="presentation">
    Default
  </span>
  <div class="gux-input-and-error-container">
    <div class="gux-input gux-input-error">
      <slot></slot>
    </div>
    <div class="gux-form-field-error gux-show">
      <gux-icon hydrated="" icon-name="alert-warning-octogon" size="inherit"></gux-icon>
      <div class="gux-message">
        <slot name="error"></slot>
      </div>
    </div>
    <div class="gux-form-field-help">
      <div class="gux-message">
        <slot name="help"></slot>
      </div>
    </div>
  </div>
</fieldset>
`;

exports[`gux-form-field-dropdown #render multi select dropdown label-position should render component as expected (2) 1`] = `"<gux-form-field-dropdown label-position=\\"above\\" hydrated=\\"\\"> <gux-dropdown-multi hydrated=\\"\\"> <gux-listbox-multi aria-labelledby=\\"gux-label-i\\" aria-describedby=\\"gux-error-i\\" role=\\"listbox\\" aria-multiselectable=\\"true\\" tabindex=\\"0\\" hydrated=\\"\\"> <gux-option-multi value=\\"a\\" disabled=\\"\\" id=\\"gux-option-multi-i\\" role=\\"option\\" class=\\"gux-disabled\\" aria-selected=\\"false\\" aria-disabled=\\"true\\" hydrated=\\"\\">Ant</gux-option-multi> <gux-option-multi value=\\"b\\" id=\\"gux-option-multi-i\\" role=\\"option\\" aria-selected=\\"false\\" aria-disabled=\\"false\\" hydrated=\\"\\">Bat</gux-option-multi> <gux-option-multi value=\\"c\\" id=\\"gux-option-multi-i\\" role=\\"option\\" class=\\"gux-show-subtext\\" aria-selected=\\"false\\" aria-disabled=\\"false\\" hydrated=\\"\\">Cat<span slot=\\"subtext\\">Medium</span></gux-option-multi> </gux-listbox-multi> </gux-dropdown-multi> <label slot=\\"label\\" id=\\"gux-label-i\\">Default</label> <span slot=\\"error\\" id=\\"gux-error-i\\">This is an error message</span> </gux-form-field-dropdown>"`;

exports[`gux-form-field-dropdown #render multi select dropdown label-position should render component as expected (2) 2`] = `
<fieldset class="gux-above gux-form-field-fieldset-container">
  <legend class="gux-form-field-legend-label gux-screenreader">
    <slot name="label"></slot>
    <gux-screen-reader-beta hydrated="">
      This is an error message
    </gux-screen-reader-beta>
  </legend>
  <span aria-hidden="true" class="gux-above gux-form-field-legend-label" role="presentation">
    Default
  </span>
  <div class="gux-input-and-error-container">
    <div class="gux-input gux-input-error">
      <slot></slot>
    </div>
    <div class="gux-form-field-error gux-show">
      <gux-icon hydrated="" icon-name="alert-warning-octogon" size="inherit"></gux-icon>
      <div class="gux-message">
        <slot name="error"></slot>
      </div>
    </div>
    <div class="gux-form-field-help">
      <div class="gux-message">
        <slot name="help"></slot>
      </div>
    </div>
  </div>
</fieldset>
`;

exports[`gux-form-field-dropdown #render multi select dropdown label-position should render component as expected (3) 1`] = `"<gux-form-field-dropdown label-position=\\"beside\\" hydrated=\\"\\"> <gux-dropdown-multi hydrated=\\"\\"> <gux-listbox-multi aria-labelledby=\\"gux-label-i\\" aria-describedby=\\"gux-error-i\\" role=\\"listbox\\" aria-multiselectable=\\"true\\" tabindex=\\"0\\" hydrated=\\"\\"> <gux-option-multi value=\\"a\\" disabled=\\"\\" id=\\"gux-option-multi-i\\" role=\\"option\\" class=\\"gux-disabled\\" aria-selected=\\"false\\" aria-disabled=\\"true\\" hydrated=\\"\\">Ant</gux-option-multi> <gux-option-multi value=\\"b\\" id=\\"gux-option-multi-i\\" role=\\"option\\" aria-selected=\\"false\\" aria-disabled=\\"false\\" hydrated=\\"\\">Bat</gux-option-multi> <gux-option-multi value=\\"c\\" id=\\"gux-option-multi-i\\" role=\\"option\\" class=\\"gux-show-subtext\\" aria-selected=\\"false\\" aria-disabled=\\"false\\" hydrated=\\"\\">Cat<span slot=\\"subtext\\">Medium</span></gux-option-multi> </gux-listbox-multi> </gux-dropdown-multi> <label slot=\\"label\\" id=\\"gux-label-i\\">Default</label> <span slot=\\"error\\" id=\\"gux-error-i\\">This is an error message</span> </gux-form-field-dropdown>"`;

exports[`gux-form-field-dropdown #render multi select dropdown label-position should render component as expected (3) 2`] = `
<fieldset class="gux-beside gux-form-field-fieldset-container">
  <legend class="gux-form-field-legend-label gux-screenreader">
    <slot name="label"></slot>
    <gux-screen-reader-beta hydrated="">
      This is an error message
    </gux-screen-reader-beta>
  </legend>
  <span aria-hidden="true" class="gux-beside gux-form-field-legend-label" role="presentation">
    Default
  </span>
  <div class="gux-input-and-error-container">
    <div class="gux-input gux-input-error">
      <slot></slot>
    </div>
    <div class="gux-form-field-error gux-show">
      <gux-icon hydrated="" icon-name="alert-warning-octogon" size="inherit"></gux-icon>
      <div class="gux-message">
        <slot name="error"></slot>
      </div>
    </div>
    <div class="gux-form-field-help">
      <div class="gux-message">
        <slot name="help"></slot>
      </div>
    </div>
  </div>
</fieldset>
`;

exports[`gux-form-field-dropdown #render multi select dropdown label-position should render component as expected (4) 1`] = `"<gux-form-field-dropdown label-position=\\"screenreader\\" hydrated=\\"\\"> <gux-dropdown-multi hydrated=\\"\\"> <gux-listbox-multi aria-labelledby=\\"gux-label-i\\" aria-describedby=\\"gux-error-i\\" role=\\"listbox\\" aria-multiselectable=\\"true\\" tabindex=\\"0\\" hydrated=\\"\\"> <gux-option-multi value=\\"a\\" disabled=\\"\\" id=\\"gux-option-multi-i\\" role=\\"option\\" class=\\"gux-disabled\\" aria-selected=\\"false\\" aria-disabled=\\"true\\" hydrated=\\"\\">Ant</gux-option-multi> <gux-option-multi value=\\"b\\" id=\\"gux-option-multi-i\\" role=\\"option\\" aria-selected=\\"false\\" aria-disabled=\\"false\\" hydrated=\\"\\">Bat</gux-option-multi> <gux-option-multi value=\\"c\\" id=\\"gux-option-multi-i\\" role=\\"option\\" class=\\"gux-show-subtext\\" aria-selected=\\"false\\" aria-disabled=\\"false\\" hydrated=\\"\\">Cat<span slot=\\"subtext\\">Medium</span></gux-option-multi> </gux-listbox-multi> </gux-dropdown-multi> <label slot=\\"label\\" id=\\"gux-label-i\\">Default</label> <span slot=\\"error\\" id=\\"gux-error-i\\">This is an error message</span> </gux-form-field-dropdown>"`;

exports[`gux-form-field-dropdown #render multi select dropdown label-position should render component as expected (4) 2`] = `
<fieldset class="gux-form-field-fieldset-container gux-screenreader">
  <legend class="gux-form-field-legend-label gux-screenreader">
    <slot name="label"></slot>
    <gux-screen-reader-beta hydrated="">
      This is an error message
    </gux-screen-reader-beta>
  </legend>
  <span aria-hidden="true" class="gux-form-field-legend-label gux-screenreader" role="presentation">
    Default
  </span>
  <div class="gux-input-and-error-container">
    <div class="gux-input gux-input-error">
      <slot></slot>
    </div>
    <div class="gux-form-field-error gux-show">
      <gux-icon hydrated="" icon-name="alert-warning-octogon" size="inherit"></gux-icon>
      <div class="gux-message">
        <slot name="error"></slot>
      </div>
    </div>
    <div class="gux-form-field-help">
      <div class="gux-message">
        <slot name="help"></slot>
      </div>
    </div>
  </div>
</fieldset>
`;

exports[`gux-form-field-dropdown #render multi select dropdown should render component as expected (1) 1`] = `"<gux-form-field-dropdown hydrated=\\"\\"> <gux-dropdown-multi hydrated=\\"\\"> <gux-listbox-multi aria-labelledby=\\"gux-label-i\\" role=\\"listbox\\" aria-multiselectable=\\"true\\" tabindex=\\"0\\" hydrated=\\"\\"> <gux-option-multi value=\\"a\\" disabled=\\"\\" id=\\"gux-option-multi-i\\" role=\\"option\\" class=\\"gux-disabled\\" aria-selected=\\"false\\" aria-disabled=\\"true\\" hydrated=\\"\\">Ant</gux-option-multi> <gux-option-multi value=\\"b\\" id=\\"gux-option-multi-i\\" role=\\"option\\" aria-selected=\\"false\\" aria-disabled=\\"false\\" hydrated=\\"\\">Bat</gux-option-multi> <gux-option-multi value=\\"c\\" id=\\"gux-option-multi-i\\" role=\\"option\\" class=\\"gux-show-subtext\\" aria-selected=\\"false\\" aria-disabled=\\"false\\" hydrated=\\"\\">Cat<span slot=\\"subtext\\">Medium</span></gux-option-multi> </gux-listbox-multi> </gux-dropdown-multi> <label slot=\\"label\\" id=\\"gux-label-i\\">Default</label> </gux-form-field-dropdown>"`;

exports[`gux-form-field-dropdown #render multi select dropdown should render component as expected (1) 2`] = `
<fieldset class="gux-beside gux-form-field-fieldset-container">
  <legend class="gux-form-field-legend-label gux-screenreader">
    <slot name="label"></slot>
  </legend>
  <span aria-hidden="true" class="gux-beside gux-form-field-legend-label" role="presentation">
    Default
  </span>
  <div class="gux-input-and-error-container">
    <div class="gux-input">
      <slot></slot>
    </div>
    <div class="gux-form-field-error">
      <gux-icon hydrated="" icon-name="alert-warning-octogon" size="inherit"></gux-icon>
      <div class="gux-message">
        <slot name="error"></slot>
      </div>
    </div>
    <div class="gux-form-field-help">
      <div class="gux-message">
        <slot name="help"></slot>
      </div>
    </div>
  </div>
</fieldset>
`;

exports[`gux-form-field-dropdown #render multi select dropdown should render component as expected (2) 1`] = `"<gux-form-field-dropdown hydrated=\\"\\"> <gux-dropdown-multi disabled=\\"\\" hydrated=\\"\\"> <gux-listbox-multi aria-labelledby=\\"gux-label-i\\" role=\\"listbox\\" aria-multiselectable=\\"true\\" tabindex=\\"0\\" hydrated=\\"\\"> <gux-option-multi value=\\"a\\" disabled=\\"\\" id=\\"gux-option-multi-i\\" role=\\"option\\" class=\\"gux-disabled\\" aria-selected=\\"false\\" aria-disabled=\\"true\\" hydrated=\\"\\">Ant</gux-option-multi> <gux-option-multi value=\\"b\\" id=\\"gux-option-multi-i\\" role=\\"option\\" aria-selected=\\"false\\" aria-disabled=\\"false\\" hydrated=\\"\\">Bat</gux-option-multi> <gux-option-multi value=\\"c\\" id=\\"gux-option-multi-i\\" role=\\"option\\" class=\\"gux-show-subtext\\" aria-selected=\\"false\\" aria-disabled=\\"false\\" hydrated=\\"\\">Cat<span slot=\\"subtext\\">Medium</span></gux-option-multi> </gux-listbox-multi> </gux-dropdown-multi> <label slot=\\"label\\" id=\\"gux-label-i\\">Default</label> </gux-form-field-dropdown>"`;

exports[`gux-form-field-dropdown #render multi select dropdown should render component as expected (2) 2`] = `
<fieldset class="gux-beside gux-form-field-fieldset-container">
  <legend class="gux-form-field-legend-label gux-screenreader">
    <slot name="label"></slot>
  </legend>
  <span aria-hidden="true" class="gux-beside gux-form-field-legend-label" role="presentation">
    Default
  </span>
  <div class="gux-input-and-error-container">
    <div class="gux-input">
      <slot></slot>
    </div>
    <div class="gux-form-field-error">
      <gux-icon hydrated="" icon-name="alert-warning-octogon" size="inherit"></gux-icon>
      <div class="gux-message">
        <slot name="error"></slot>
      </div>
    </div>
    <div class="gux-form-field-help">
      <div class="gux-message">
        <slot name="help"></slot>
      </div>
    </div>
  </div>
</fieldset>
`;

exports[`gux-form-field-dropdown #render multi select dropdown should render component as expected (3) 1`] = `"<gux-form-field-dropdown hydrated=\\"\\"> <gux-dropdown-multi required=\\"\\" hydrated=\\"\\"> <gux-listbox-multi aria-labelledby=\\"gux-label-i\\" role=\\"listbox\\" aria-multiselectable=\\"true\\" tabindex=\\"0\\" hydrated=\\"\\"> <gux-option-multi value=\\"a\\" disabled=\\"\\" id=\\"gux-option-multi-i\\" role=\\"option\\" class=\\"gux-disabled\\" aria-selected=\\"false\\" aria-disabled=\\"true\\" hydrated=\\"\\">Ant</gux-option-multi> <gux-option-multi value=\\"b\\" id=\\"gux-option-multi-i\\" role=\\"option\\" aria-selected=\\"false\\" aria-disabled=\\"false\\" hydrated=\\"\\">Bat</gux-option-multi> <gux-option-multi value=\\"c\\" id=\\"gux-option-multi-i\\" role=\\"option\\" class=\\"gux-show-subtext\\" aria-selected=\\"false\\" aria-disabled=\\"false\\" hydrated=\\"\\">Cat<span slot=\\"subtext\\">Medium</span></gux-option-multi> </gux-listbox-multi> </gux-dropdown-multi> <label slot=\\"label\\" id=\\"gux-label-i\\">Default</label> </gux-form-field-dropdown>"`;

exports[`gux-form-field-dropdown #render multi select dropdown should render component as expected (3) 2`] = `
<fieldset class="gux-beside gux-form-field-fieldset-container">
  <legend class="gux-form-field-legend-label gux-screenreader">
    <slot name="label"></slot>
    <gux-screen-reader-beta hydrated="">
      Required
    </gux-screen-reader-beta>
  </legend>
  <span aria-hidden="true" class="gux-beside gux-form-field-legend-label gux-required" role="presentation">
    Default
  </span>
  <div class="gux-input-and-error-container">
    <div class="gux-input">
      <slot></slot>
    </div>
    <div class="gux-form-field-error">
      <gux-icon hydrated="" icon-name="alert-warning-octogon" size="inherit"></gux-icon>
      <div class="gux-message">
        <slot name="error"></slot>
      </div>
    </div>
    <div class="gux-form-field-help">
      <div class="gux-message">
        <slot name="help"></slot>
      </div>
    </div>
  </div>
</fieldset>
`;

exports[`gux-form-field-dropdown #render single select dropdown input attributes should render component as expected (1) 1`] = `"<gux-form-field-dropdown hydrated=\\"\\"> <gux-dropdown hydrated=\\"\\"> <gux-listbox aria-labelledby=\\"gux-label-i\\" role=\\"listbox\\" tabindex=\\"0\\" hydrated=\\"\\"> <gux-option value=\\"a\\" disabled=\\"\\" id=\\"gux-option-i\\" role=\\"option\\" class=\\"gux-disabled\\" aria-disabled=\\"true\\" hydrated=\\"\\">Ant</gux-option> <gux-option value=\\"b\\" id=\\"gux-option-i\\" role=\\"option\\" aria-selected=\\"false\\" aria-disabled=\\"false\\" hydrated=\\"\\">Bat</gux-option> <gux-option value=\\"c\\" id=\\"gux-option-i\\" role=\\"option\\" class=\\"gux-show-subtext\\" aria-selected=\\"false\\" aria-disabled=\\"false\\" hydrated=\\"\\">Cat<span slot=\\"subtext\\">Medium</span></gux-option> </gux-listbox> </gux-dropdown> <label slot=\\"label\\" id=\\"gux-label-i\\">This will be read by a screen reader</label> </gux-form-field-dropdown>"`;

exports[`gux-form-field-dropdown #render single select dropdown input attributes should render component as expected (1) 2`] = `
<fieldset class="gux-above gux-form-field-fieldset-container">
  <legend class="gux-form-field-legend-label gux-screenreader">
    <slot name="label"></slot>
  </legend>
  <span aria-hidden="true" class="gux-above gux-form-field-legend-label" role="presentation">
    This will be read by a screen reader
  </span>
  <div class="gux-input-and-error-container">
    <div class="gux-input">
      <slot></slot>
    </div>
    <div class="gux-form-field-error">
      <gux-icon hydrated="" icon-name="alert-warning-octogon" size="inherit"></gux-icon>
      <div class="gux-message">
        <slot name="error"></slot>
      </div>
    </div>
    <div class="gux-form-field-help">
      <div class="gux-message">
        <slot name="help"></slot>
      </div>
    </div>
  </div>
</fieldset>
`;

exports[`gux-form-field-dropdown #render single select dropdown input attributes should render component as expected (2) 1`] = `"<gux-form-field-dropdown hydrated=\\"\\"> <gux-dropdown disabled=\\"\\" hydrated=\\"\\"> <gux-listbox aria-labelledby=\\"gux-label-i\\" role=\\"listbox\\" tabindex=\\"0\\" hydrated=\\"\\"> <gux-option value=\\"a\\" disabled=\\"\\" id=\\"gux-option-i\\" role=\\"option\\" class=\\"gux-disabled\\" aria-disabled=\\"true\\" hydrated=\\"\\">Ant</gux-option> <gux-option value=\\"b\\" id=\\"gux-option-i\\" role=\\"option\\" aria-selected=\\"false\\" aria-disabled=\\"false\\" hydrated=\\"\\">Bat</gux-option> <gux-option value=\\"c\\" id=\\"gux-option-i\\" role=\\"option\\" class=\\"gux-show-subtext\\" aria-selected=\\"false\\" aria-disabled=\\"false\\" hydrated=\\"\\">Cat<span slot=\\"subtext\\">Medium</span></gux-option> </gux-listbox> </gux-dropdown> <label slot=\\"label\\" id=\\"gux-label-i\\">This will be read by a screen reader</label> </gux-form-field-dropdown>"`;

exports[`gux-form-field-dropdown #render single select dropdown input attributes should render component as expected (2) 2`] = `
<fieldset class="gux-above gux-form-field-fieldset-container">
  <legend class="gux-form-field-legend-label gux-screenreader">
    <slot name="label"></slot>
  </legend>
  <span aria-hidden="true" class="gux-above gux-form-field-legend-label" role="presentation">
    This will be read by a screen reader
  </span>
  <div class="gux-input-and-error-container">
    <div class="gux-input">
      <slot></slot>
    </div>
    <div class="gux-form-field-error">
      <gux-icon hydrated="" icon-name="alert-warning-octogon" size="inherit"></gux-icon>
      <div class="gux-message">
        <slot name="error"></slot>
      </div>
    </div>
    <div class="gux-form-field-help">
      <div class="gux-message">
        <slot name="help"></slot>
      </div>
    </div>
  </div>
</fieldset>
`;

exports[`gux-form-field-dropdown #render single select dropdown input attributes should render component as expected (3) 1`] = `"<gux-form-field-dropdown hydrated=\\"\\"> <gux-dropdown required=\\"\\" hydrated=\\"\\"> <gux-listbox aria-labelledby=\\"gux-label-i\\" role=\\"listbox\\" tabindex=\\"0\\" hydrated=\\"\\"> <gux-option value=\\"a\\" disabled=\\"\\" id=\\"gux-option-i\\" role=\\"option\\" class=\\"gux-disabled\\" aria-disabled=\\"true\\" hydrated=\\"\\">Ant</gux-option> <gux-option value=\\"b\\" id=\\"gux-option-i\\" role=\\"option\\" aria-selected=\\"false\\" aria-disabled=\\"false\\" hydrated=\\"\\">Bat</gux-option> <gux-option value=\\"c\\" id=\\"gux-option-i\\" role=\\"option\\" class=\\"gux-show-subtext\\" aria-selected=\\"false\\" aria-disabled=\\"false\\" hydrated=\\"\\">Cat<span slot=\\"subtext\\">Medium</span></gux-option> </gux-listbox> </gux-dropdown> <label slot=\\"label\\" id=\\"gux-label-i\\">This will be read by a screen reader</label> </gux-form-field-dropdown>"`;

exports[`gux-form-field-dropdown #render single select dropdown input attributes should render component as expected (3) 2`] = `
<fieldset class="gux-above gux-form-field-fieldset-container">
  <legend class="gux-form-field-legend-label gux-screenreader">
    <slot name="label"></slot>
    <gux-screen-reader-beta hydrated="">
      Required
    </gux-screen-reader-beta>
  </legend>
  <span aria-hidden="true" class="gux-above gux-form-field-legend-label gux-required" role="presentation">
    This will be read by a screen reader
  </span>
  <div class="gux-input-and-error-container">
    <div class="gux-input">
      <slot></slot>
    </div>
    <div class="gux-form-field-error">
      <gux-icon hydrated="" icon-name="alert-warning-octogon" size="inherit"></gux-icon>
      <div class="gux-message">
        <slot name="error"></slot>
      </div>
    </div>
    <div class="gux-form-field-help">
      <div class="gux-message">
        <slot name="help"></slot>
      </div>
    </div>
  </div>
</fieldset>
`;

exports[`gux-form-field-dropdown #render single select dropdown label-position should render component as expected (1) 1`] = `"<gux-form-field-dropdown hydrated=\\"\\"> <gux-dropdown hydrated=\\"\\"> <gux-listbox aria-labelledby=\\"gux-label-i\\" aria-describedby=\\"gux-error-i\\" role=\\"listbox\\" tabindex=\\"0\\" hydrated=\\"\\"> <gux-option value=\\"a\\" disabled=\\"\\" id=\\"gux-option-i\\" role=\\"option\\" class=\\"gux-disabled\\" aria-disabled=\\"true\\" hydrated=\\"\\">Ant</gux-option> <gux-option value=\\"b\\" id=\\"gux-option-i\\" role=\\"option\\" aria-selected=\\"false\\" aria-disabled=\\"false\\" hydrated=\\"\\">Bat</gux-option> <gux-option value=\\"c\\" id=\\"gux-option-i\\" role=\\"option\\" class=\\"gux-show-subtext\\" aria-selected=\\"false\\" aria-disabled=\\"false\\" hydrated=\\"\\">Cat<span slot=\\"subtext\\">Medium</span></gux-option> </gux-listbox> </gux-dropdown> <label slot=\\"label\\" id=\\"gux-label-i\\">Default</label> <span slot=\\"error\\" id=\\"gux-error-i\\">This is an error message</span> </gux-form-field-dropdown>"`;

exports[`gux-form-field-dropdown #render single select dropdown label-position should render component as expected (1) 2`] = `
<fieldset class="gux-beside gux-form-field-fieldset-container">
  <legend class="gux-form-field-legend-label gux-screenreader">
    <slot name="label"></slot>
    <gux-screen-reader-beta hydrated="">
      This is an error message
    </gux-screen-reader-beta>
  </legend>
  <span aria-hidden="true" class="gux-beside gux-form-field-legend-label" role="presentation">
    Default
  </span>
  <div class="gux-input-and-error-container">
    <div class="gux-input gux-input-error">
      <slot></slot>
    </div>
    <div class="gux-form-field-error gux-show">
      <gux-icon hydrated="" icon-name="alert-warning-octogon" size="inherit"></gux-icon>
      <div class="gux-message">
        <slot name="error"></slot>
      </div>
    </div>
    <div class="gux-form-field-help">
      <div class="gux-message">
        <slot name="help"></slot>
      </div>
    </div>
  </div>
</fieldset>
`;

exports[`gux-form-field-dropdown #render single select dropdown label-position should render component as expected (2) 1`] = `"<gux-form-field-dropdown label-position=\\"above\\" hydrated=\\"\\"> <gux-dropdown hydrated=\\"\\"> <gux-listbox aria-labelledby=\\"gux-label-i\\" aria-describedby=\\"gux-error-i\\" role=\\"listbox\\" tabindex=\\"0\\" hydrated=\\"\\"> <gux-option value=\\"a\\" disabled=\\"\\" id=\\"gux-option-i\\" role=\\"option\\" class=\\"gux-disabled\\" aria-disabled=\\"true\\" hydrated=\\"\\">Ant</gux-option> <gux-option value=\\"b\\" id=\\"gux-option-i\\" role=\\"option\\" aria-selected=\\"false\\" aria-disabled=\\"false\\" hydrated=\\"\\">Bat</gux-option> <gux-option value=\\"c\\" id=\\"gux-option-i\\" role=\\"option\\" class=\\"gux-show-subtext\\" aria-selected=\\"false\\" aria-disabled=\\"false\\" hydrated=\\"\\">Cat<span slot=\\"subtext\\">Medium</span></gux-option> </gux-listbox> </gux-dropdown> <label slot=\\"label\\" id=\\"gux-label-i\\">Default</label> <span slot=\\"error\\" id=\\"gux-error-i\\">This is an error message</span> </gux-form-field-dropdown>"`;

exports[`gux-form-field-dropdown #render single select dropdown label-position should render component as expected (2) 2`] = `
<fieldset class="gux-above gux-form-field-fieldset-container">
  <legend class="gux-form-field-legend-label gux-screenreader">
    <slot name="label"></slot>
    <gux-screen-reader-beta hydrated="">
      This is an error message
    </gux-screen-reader-beta>
  </legend>
  <span aria-hidden="true" class="gux-above gux-form-field-legend-label" role="presentation">
    Default
  </span>
  <div class="gux-input-and-error-container">
    <div class="gux-input gux-input-error">
      <slot></slot>
    </div>
    <div class="gux-form-field-error gux-show">
      <gux-icon hydrated="" icon-name="alert-warning-octogon" size="inherit"></gux-icon>
      <div class="gux-message">
        <slot name="error"></slot>
      </div>
    </div>
    <div class="gux-form-field-help">
      <div class="gux-message">
        <slot name="help"></slot>
      </div>
    </div>
  </div>
</fieldset>
`;

exports[`gux-form-field-dropdown #render single select dropdown label-position should render component as expected (3) 1`] = `"<gux-form-field-dropdown label-position=\\"beside\\" hydrated=\\"\\"> <gux-dropdown hydrated=\\"\\"> <gux-listbox aria-labelledby=\\"gux-label-i\\" aria-describedby=\\"gux-error-i\\" role=\\"listbox\\" tabindex=\\"0\\" hydrated=\\"\\"> <gux-option value=\\"a\\" disabled=\\"\\" id=\\"gux-option-i\\" role=\\"option\\" class=\\"gux-disabled\\" aria-disabled=\\"true\\" hydrated=\\"\\">Ant</gux-option> <gux-option value=\\"b\\" id=\\"gux-option-i\\" role=\\"option\\" aria-selected=\\"false\\" aria-disabled=\\"false\\" hydrated=\\"\\">Bat</gux-option> <gux-option value=\\"c\\" id=\\"gux-option-i\\" role=\\"option\\" class=\\"gux-show-subtext\\" aria-selected=\\"false\\" aria-disabled=\\"false\\" hydrated=\\"\\">Cat<span slot=\\"subtext\\">Medium</span></gux-option> </gux-listbox> </gux-dropdown> <label slot=\\"label\\" id=\\"gux-label-i\\">Default</label> <span slot=\\"error\\" id=\\"gux-error-i\\">This is an error message</span> </gux-form-field-dropdown>"`;

exports[`gux-form-field-dropdown #render single select dropdown label-position should render component as expected (3) 2`] = `
<fieldset class="gux-beside gux-form-field-fieldset-container">
  <legend class="gux-form-field-legend-label gux-screenreader">
    <slot name="label"></slot>
    <gux-screen-reader-beta hydrated="">
      This is an error message
    </gux-screen-reader-beta>
  </legend>
  <span aria-hidden="true" class="gux-beside gux-form-field-legend-label" role="presentation">
    Default
  </span>
  <div class="gux-input-and-error-container">
    <div class="gux-input gux-input-error">
      <slot></slot>
    </div>
    <div class="gux-form-field-error gux-show">
      <gux-icon hydrated="" icon-name="alert-warning-octogon" size="inherit"></gux-icon>
      <div class="gux-message">
        <slot name="error"></slot>
      </div>
    </div>
    <div class="gux-form-field-help">
      <div class="gux-message">
        <slot name="help"></slot>
      </div>
    </div>
  </div>
</fieldset>
`;

exports[`gux-form-field-dropdown #render single select dropdown label-position should render component as expected (4) 1`] = `"<gux-form-field-dropdown label-position=\\"screenreader\\" hydrated=\\"\\"> <gux-dropdown hydrated=\\"\\"> <gux-listbox aria-labelledby=\\"gux-label-i\\" aria-describedby=\\"gux-error-i\\" role=\\"listbox\\" tabindex=\\"0\\" hydrated=\\"\\"> <gux-option value=\\"a\\" disabled=\\"\\" id=\\"gux-option-i\\" role=\\"option\\" class=\\"gux-disabled\\" aria-disabled=\\"true\\" hydrated=\\"\\">Ant</gux-option> <gux-option value=\\"b\\" id=\\"gux-option-i\\" role=\\"option\\" aria-selected=\\"false\\" aria-disabled=\\"false\\" hydrated=\\"\\">Bat</gux-option> <gux-option value=\\"c\\" id=\\"gux-option-i\\" role=\\"option\\" class=\\"gux-show-subtext\\" aria-selected=\\"false\\" aria-disabled=\\"false\\" hydrated=\\"\\">Cat<span slot=\\"subtext\\">Medium</span></gux-option> </gux-listbox> </gux-dropdown> <label slot=\\"label\\" id=\\"gux-label-i\\">Default</label> <span slot=\\"error\\" id=\\"gux-error-i\\">This is an error message</span> </gux-form-field-dropdown>"`;

exports[`gux-form-field-dropdown #render single select dropdown label-position should render component as expected (4) 2`] = `
<fieldset class="gux-form-field-fieldset-container gux-screenreader">
  <legend class="gux-form-field-legend-label gux-screenreader">
    <slot name="label"></slot>
    <gux-screen-reader-beta hydrated="">
      This is an error message
    </gux-screen-reader-beta>
  </legend>
  <span aria-hidden="true" class="gux-form-field-legend-label gux-screenreader" role="presentation">
    Default
  </span>
  <div class="gux-input-and-error-container">
    <div class="gux-input gux-input-error">
      <slot></slot>
    </div>
    <div class="gux-form-field-error gux-show">
      <gux-icon hydrated="" icon-name="alert-warning-octogon" size="inherit"></gux-icon>
      <div class="gux-message">
        <slot name="error"></slot>
      </div>
    </div>
    <div class="gux-form-field-help">
      <div class="gux-message">
        <slot name="help"></slot>
      </div>
    </div>
  </div>
</fieldset>
`;
