// Jest Snapshot v1, https://goo.gl/fbAQLP

exports[`gux-sort-control #render Not sorted 1`] = `"<div class=\\"gux-container\\"><button class=\\"gux-sort-button\\" type=\\"button\\" aria-label=\\"Column Header 1 . The table is not currently sorted by this column. Click the column header to sort the table by this column in ascending order\\"><gux-icon class=\\"gux-sort-icon\\" icon-name=\\"arrow-solid-up\\" size=\\"inherit\\" hydrated=\\"\\"></gux-icon></button><div class=\\"gux-resize-spacer\\"></div></div>"`;

exports[`gux-sort-control #render Sorted ascending 1`] = `"<div class=\\"gux-container\\"><button class=\\"gux-sort-button gux-active\\" type=\\"button\\" aria-label=\\"Column Header 1 . The table is currently sorted by this column in ascending order. Click the column header to sort the table by this column in descending order\\"><gux-icon class=\\"gux-sort-icon\\" icon-name=\\"arrow-solid-up\\" size=\\"inherit\\" hydrated=\\"\\"></gux-icon></button><div class=\\"gux-resize-spacer\\"></div></div>"`;

exports[`gux-sort-control #render Sorted descending 1`] = `"<div class=\\"gux-container\\"><button class=\\"gux-sort-button gux-active\\" type=\\"button\\" aria-label=\\"Column Header 1 . The table is currently sorted by this column in descending order. Click the column header to sort the table by this column in ascending order\\"><gux-icon class=\\"gux-sort-icon\\" icon-name=\\"arrow-solid-down\\" size=\\"inherit\\" hydrated=\\"\\"></gux-icon></button><div class=\\"gux-resize-spacer\\"></div></div>"`;

exports[`gux-sort-control #render Sorted descending, unsorted allowed 1`] = `"<div class=\\"gux-container\\"><button class=\\"gux-sort-button gux-active\\" type=\\"button\\" aria-label=\\"Column Header 1 . The table is currently sorted by this column in descending order. Click the column header to not sort the table by this column\\"><gux-icon class=\\"gux-sort-icon\\" icon-name=\\"arrow-solid-down\\" size=\\"inherit\\" hydrated=\\"\\"></gux-icon></button><div class=\\"gux-resize-spacer\\"></div></div>"`;
